Archive member included to satisfy reference by file (symbol)

C:/devkitPro/portlibs/switch/lib\libcurl.a(libcurl_la-easy.o)
                              download.o (curl_global_init)
C:/devkitPro/portlibs/switch/lib\libcurl.a(libcurl_la-connect.o)
                              C:/devkitPro/portlibs/switch/lib\libcurl.a(libcurl_la-easy.o) (Curl_getconnectinfo)
C:/devkitPro/portlibs/switch/lib\libcurl.a(libcurl_la-multi.o)
                              C:/devkitPro/portlibs/switch/lib\libcurl.a(libcurl_la-easy.o) (Curl_multi_handle)
C:/devkitPro/portlibs/switch/lib\libcurl.a(libcurl_la-share.o)
                              C:/devkitPro/portlibs/switch/lib\libcurl.a(libcurl_la-multi.o) (Curl_share_lock)
C:/devkitPro/portlibs/switch/lib\libcurl.a(libcurl_la-http_digest.o)
                              C:/devkitPro/portlibs/switch/lib\libcurl.a(libcurl_la-easy.o) (Curl_http_auth_cleanup_digest)
C:/devkitPro/portlibs/switch/lib\libcurl.a(libcurl_la-strerror.o)
                              download.o (curl_easy_strerror)
C:/devkitPro/portlibs/switch/lib\libcurl.a(libcurl_la-select.o)
                              C:/devkitPro/portlibs/switch/lib\libcurl.a(libcurl_la-multi.o) (Curl_wait_ms)
C:/devkitPro/portlibs/switch/lib\libcurl.a(libcurl_la-splay.o)
                              C:/devkitPro/portlibs/switch/lib\libcurl.a(libcurl_la-multi.o) (Curl_splay)
C:/devkitPro/portlibs/switch/lib\libcurl.a(libcurl_la-strdup.o)
                              C:/devkitPro/portlibs/switch/lib\libcurl.a(libcurl_la-easy.o) (Curl_memdup)
C:/devkitPro/portlibs/switch/lib\libcurl.a(libcurl_la-socks.o)
                              C:/devkitPro/portlibs/switch/lib\libcurl.a(libcurl_la-multi.o) (Curl_SOCKS_getsock)
C:/devkitPro/portlibs/switch/lib\libcurl.a(libcurl_la-slist.o)
                              C:/devkitPro/portlibs/switch/lib\libcurl.a(libcurl_la-easy.o) (Curl_slist_duplicate)
C:/devkitPro/portlibs/switch/lib\libcurl.a(libcurl_la-nonblock.o)
                              C:/devkitPro/portlibs/switch/lib\libcurl.a(libcurl_la-connect.o) (curlx_nonblock)
C:/devkitPro/portlibs/switch/lib\libcurl.a(libcurl_la-warnless.o)
                              C:/devkitPro/portlibs/switch/lib\libcurl.a(libcurl_la-multi.o) (curlx_uztosi)
C:/devkitPro/portlibs/switch/lib\libcurl.a(libcurl_la-http_proxy.o)
                              C:/devkitPro/portlibs/switch/lib\libcurl.a(libcurl_la-multi.o) (Curl_connect_complete)
C:/devkitPro/portlibs/switch/lib\libcurl.a(libcurl_la-conncache.o)
                              C:/devkitPro/portlibs/switch/lib\libcurl.a(libcurl_la-multi.o) (Curl_conncache_init)
C:/devkitPro/portlibs/switch/lib\libcurl.a(libcurl_la-mime.o)
                              C:/devkitPro/portlibs/switch/lib\libcurl.a(libcurl_la-easy.o) (Curl_mime_initpart)
C:/devkitPro/portlibs/switch/lib\libcurl.a(libcurl_la-setopt.o)
                              C:/devkitPro/portlibs/switch/lib\libcurl.a(libcurl_la-easy.o) (Curl_setstropt)
C:/devkitPro/portlibs/switch/lib\libcurl.a(libcurl_la-curl_ctype.o)
                              C:/devkitPro/portlibs/switch/lib\libcurl.a(libcurl_la-http_digest.o) (Curl_isspace)
C:/devkitPro/portlibs/switch/lib\libcurl.a(libcurl_la-digest.o)
                              C:/devkitPro/portlibs/switch/lib\libcurl.a(libcurl_la-http_digest.o) (Curl_auth_create_digest_http_message)
C:/devkitPro/portlibs/switch/lib\libcurl.a(libcurl_la-vtls.o)
                              C:/devkitPro/portlibs/switch/lib\libcurl.a(libcurl_la-easy.o) (Curl_ssl_init)
C:/devkitPro/portlibs/switch/lib\libcurl.a(libcurl_la-libnx.o)
                              C:/devkitPro/portlibs/switch/lib\libcurl.a(libcurl_la-vtls.o) (Curl_ssl_libnx)
C:/devkitPro/portlibs/switch/lib\libcurl.a(libcurl_la-timeval.o)
                              C:/devkitPro/portlibs/switch/lib\libcurl.a(libcurl_la-connect.o) (Curl_now)
C:/devkitPro/portlibs/switch/lib\libcurl.a(libcurl_la-base64.o)
                              C:/devkitPro/portlibs/switch/lib\libcurl.a(libcurl_la-digest.o) (Curl_base64_decode)
C:/devkitPro/portlibs/switch/lib\libcurl.a(libcurl_la-hostip.o)
                              C:/devkitPro/portlibs/switch/lib\libcurl.a(libcurl_la-connect.o) (Curl_num_addresses)
C:/devkitPro/portlibs/switch/lib\libcurl.a(libcurl_la-progress.o)
                              C:/devkitPro/portlibs/switch/lib\libcurl.a(libcurl_la-connect.o) (Curl_pgrsTime)
C:/devkitPro/portlibs/switch/lib\libcurl.a(libcurl_la-cookie.o)
                              C:/devkitPro/portlibs/switch/lib\libcurl.a(libcurl_la-setopt.o) (Curl_cookie_add)
C:/devkitPro/portlibs/switch/lib\libcurl.a(libcurl_la-http.o)
                              C:/devkitPro/portlibs/switch/lib\libcurl.a(libcurl_la-http_proxy.o) (Curl_checkProxyheaders)
C:/devkitPro/portlibs/switch/lib\libcurl.a(libcurl_la-sendf.o)
[...]
Memory Configuration

Name             Origin             Length             Attributes
*default*        0x0000000000000000 0xffffffffffffffff

Linker script and memory map

                0x0000000000000000                PROVIDE (__start__ = 0x0)
                0x0000000000000000                . = __start__
                0x0000000000000000                __code_start = .

.crt0           0x0000000000000000      0x140
 *(.crt0)
 .crt0          0x0000000000000000      0x140 C:/devkitPro/libnx/lib\libnx.a(switch_crt0.o)
                0x0000000000000000                _start
                0x0000000000000108                __nx_exit
                0x0000000000000118                __nx_mod0
                0x0000000000000140                . = ALIGN (0x8)

.init           0x0000000000000140       0x38
 *(.init)
 .init          0x0000000000000140       0x18 c:/devkitpro/devkita64/bin/../lib/gcc/aarch64-none-elf/10.2.0/pic/crti.o
                0x0000000000000140                _init
 .init          0x0000000000000158       0x1c c:/devkitpro/devkita64/bin/../lib/gcc/aarch64-none-elf/10.2.0/pic/crtn.o
                0x0000000000000178                . = ALIGN (0x8)
 *fill*         0x0000000000000174        0x4 

.plt            0x0000000000000178        0x0
 *(.plt)
 .plt           0x0000000000000178        0x0 c:/devkitpro/devkita64/bin/../lib/gcc/aarch64-none-elf/10.2.0/pic/crti.o
 *(.iplt)
                0x0000000000000178                . = ALIGN (0x8)

.text           0x0000000000000180    0x7e3e0
 *(.text.unlikely .text.*_unlikely .text.unlikely.*)
 *(.text.exit .text.exit.*)
 .text.exit     0x0000000000000180       0x38 c:/devkitpro/devkita64/bin/../lib/gcc/aarch64-none-elf/10.2.0/../../../../aarch64-none-elf/lib/pic\libg.a(lib_a-exit.o)
                0x0000000000000180                exit
 *(.text.startup .text.startup.*)
 *fill*         0x00000000000001b8        0x8 
 .text.startup.main
                0x00000000000001c0      0x1ec main.o
                0x00000000000001c0                main
 *(.text.hot .text.hot.*)
 *(.text .stub .text.* .gnu.linkonce.t.*)
 *fill*         0x00000000000003ac        0x4 
 .text.__do_global_dtors_aux
                0x00000000000003b0       0x44 c:/devkitpro/devkita64/bin/../lib/gcc/aarch64-none-elf/10.2.0/pic/crtbegin.o
 *fill*         0x00000000000003f4        0xc 
 .text.frame_dummy
                0x0000000000000400       0x24 c:/devkitpro/devkita64/bin/../lib/gcc/aarch64-none-elf/10.2.0/pic/crtbegin.o
 *fill*         0x0000000000000424        0xc 
 .text.WriteMemoryCallback
                0x0000000000000430       0x88 download.o
 *fill*         0x00000000000004b8        0x8 
 .text.download_progress
                0x00000000000004c0       0xa4 download.o
                0x00000000000004c0                download_progress
 *fill*         0x0000000000000564        0xc 
 .text.downloadFile
                0x0000000000000570      0x1c8 download.o
                0x0000000000000570                downloadFile
 *fill*         0x0000000000000738        0x8 
 .text.printDisplay
                0x0000000000000740       0x94 main.o
                0x0000000000000740                printDisplay
 *fill*         0x00000000000007d4        0xc 
 .text.unzip    0x00000000000007e0      0x210 unzip.o
                0x00000000000007e0                unzip
 .text.curl_global_init
                0x00000000000009f0       0xa4 C:/devkitPro/portlibs/switch/lib\libcurl.a(libcurl_la-easy.o)
                0x00000000000009f0                curl_global_init
 *fill*         0x0000000000000a94        0xc 
 .text.curl_global_cleanup
                0x0000000000000aa0       0x20 C:/devkitPro/portlibs/switch/lib\libcurl.a(libcurl_la-easy.o)
                0x0000000000000aa0                curl_global_cleanup
 .text.curl_easy_init
                0x0000000000000ac0       0xac C:/devkitPro/portlibs/switch/lib\libcurl.a(libcurl_la-easy.o)
                0x0000000000000ac0                curl_easy_init
 *fill*         0x0000000000000b6c        0x4 
 .text.curl_easy_perform
                0x0000000000000b70      0x190 C:/devkitPro/portlibs/switch/lib\libcurl.a(libcurl_la-easy.o)
                0x0000000000000b70                curl_easy_perform
 .text.curl_easy_cleanup
                0x0000000000000d00       0x20 C:/devkitPro/portlibs/switch/lib\libcurl.a(libcurl_la-easy.o)
                0x0000000000000d00                curl_easy_cleanup
 .text.connect_SOCKS
                0x0000000000000d20       0xf4 C:/devkitPro/portlibs/switch/lib\libcurl.a(libcurl_la-connect.o)
 *fill*         0x0000000000000e14        0xc 
 .text.verifyconnect
                0x0000000000000e20       0x74 C:/devkitPro/portlibs/switch/lib\libcurl.a(libcurl_la-connect.o)
 *fill*         0x0000000000000e94        0xc 
 .text.Curl_timeleft
                0x0000000000000ea0       0xd4 C:/devkitPro/portlibs/switch/lib\libcurl.a(libcurl_la-connect.o)
                0x0000000000000ea0                Curl_timeleft
 *fill*         0x0000000000000f74        0xc 
 .text.Curl_persistconninfo
                0x0000000000000f80       0x8c C:/devkitPro/portlibs/switch/lib\libcurl.a(libcurl_la-connect.o)
                0x0000000000000f80                Curl_persistconninfo
 *fill*         0x000000000000100c        0x4 
 .text.Curl_updateconninfo.part.0
                0x0000000000001010      0x264 C:/devkitPro/portlibs/switch/lib\libcurl.a(libcurl_la-connect.o)
 *fill*         0x0000000000001274        0xc 
 .text.Curl_updateconninfo
                0x0000000000001280       0x14 C:/devkitPro/portlibs/switch/lib\libcurl.a(libcurl_la-connect.o)
                0x0000000000001280                Curl_updateconninfo
 *fill*         0x0000000000001294        0xc 
 .text.Curl_connalive
                0x00000000000012a0       0x5c C:/devkitPro/portlibs/switch/lib\libcurl.a(libcurl_la-connect.o)
                0x00000000000012a0                Curl_connalive
 *fill*         0x00000000000012fc        0x4 
 .text.Curl_closesocket
                0x0000000000001300       0xb0 C:/devkitPro/portlibs/switch/lib\libcurl.a(libcurl_la-connect.o)
                0x0000000000001300                Curl_closesocket
 .text.Curl_socket
                0x00000000000013b0      0x180 C:/devkitPro/portlibs/switch/lib\libcurl.a(libcurl_la-connect.o)
                0x00000000000013b0                Curl_socket
 .text.singleipconnect
                0x0000000000001530      0x8cc C:/devkitPro/portlibs/switch/lib\libcurl.a(libcurl_la-connect.o)
 *fill*         0x0000000000001dfc        0x4 
 .text.trynextip
                0x0000000000001e00       0xdc C:/devkitPro/portlibs/switch/lib\libcurl.a(libcurl_la-connect.o)
 *fill*         0x0000000000001edc        0x4 
 .text.Curl_is_connected
                0x0000000000001ee0      0x4cc C:/devkitPro/portlibs/switch/lib\libcurl.a(libcurl_la-connect.o)
                0x0000000000001ee0                Curl_is_connected
 *fill*         0x00000000000023ac        0x4 
 .text.Curl_connecthost
                0x00000000000023b0      0x11c C:/devkitPro/portlibs/switch/lib\libcurl.a(libcurl_la-connect.o)
                0x00000000000023b0                Curl_connecthost
 *fill*         0x00000000000024cc        0x4 
 .text.Curl_conncontrol
                0x00000000000024d0       0x48 C:/devkitPro/portlibs/switch/lib\libcurl.a(libcurl_la-connect.o)
                0x00000000000024d0                Curl_conncontrol
 *fill*         0x0000000000002518        0x8 
 .text.Curl_conn_data_pending
                0x0000000000002520       0x74 C:/devkitPro/portlibs/switch/lib\libcurl.a(libcurl_la-connect.o)
                0x0000000000002520                Curl_conn_data_pending
 *fill*         0x0000000000002594        0xc 
 .text.trhash   0x00000000000025a0       0x10 C:/devkitPro/portlibs/switch/lib\libcurl.a(libcurl_la-multi.o)
 .text.trhash_compare
                0x00000000000025b0       0x14 C:/devkitPro/portlibs/switch/lib\libcurl.a(libcurl_la-multi.o)
 *fill*         0x00000000000025c4        0xc 
 .text.trhash_dtor
                0x00000000000025d0        0x4 C:/devkitPro/portlibs/switch/lib\libcurl.a(libcurl_la-multi.o)
 *fill*         0x00000000000025d4        0xc 
 .text.sh_freeentry
                0x00000000000025e0       0x14 C:/devkitPro/portlibs/switch/lib\libcurl.a(libcurl_la-multi.o)
 *fill*         0x00000000000025f4        0xc 
 .text.fd_key_compare
                0x0000000000002600       0x14 C:/devkitPro/portlibs/switch/lib\libcurl.a(libcurl_la-multi.o)
 *fill*         0x0000000000002614        0xc 
 .text.hash_fd  0x0000000000002620       0x10 C:/devkitPro/portlibs/switch/lib\libcurl.a(libcurl_la-multi.o)
 .text.multi_getsock
                0x0000000000002630      0x160 C:/devkitPro/portlibs/switch/lib\libcurl.a(libcurl_la-multi.o)
 .text.singlesocket
                0x0000000000002790      0x494 C:/devkitPro/portlibs/switch/lib\libcurl.a(libcurl_la-multi.o)
 *fill*         0x0000000000002c24        0xc 
 .text.multi_timeout.part.0
                0x0000000000002c30       0x98 C:/devkitPro/portlibs/switch/lib\libcurl.a(libcurl_la-multi.o)
 *fill*         0x0000000000002cc8        0x8 
 .text.add_next_timeout.isra.0
                0x0000000000002cd0       0xf4 C:/devkitPro/portlibs/switch/lib\libcurl.a(libcurl_la-multi.o)
 *fill*         0x0000000000002dc4        0xc 
 .text.Curl_multi_wait.part.0
                0x0000000000002dd0      0x49c C:/devkitPro/portlibs/switch/lib\libcurl.a(libcurl_la-multi.o)
 *fill*         0x000000000000326c        0x4 
 .text.Curl_multi_handle
                0x0000000000003270      0x1cc C:/devkitPro/portlibs/switch/lib\libcurl.a(libcurl_la-multi.o)
                0x0000000000003270                Curl_multi_handle
 *fill*         0x000000000000343c        0x4 
 .text.Curl_multiplex_wanted
                0x0000000000003440       0x14 C:/devkitPro/portlibs/switch/lib\libcurl.a(libcurl_la-multi.o)
                0x0000000000003440                Curl_multiplex_wanted
 *fill*         0x0000000000003454        0xc 
 .text.Curl_attach_connnection
                0x0000000000003460       0x1c C:/devkitPro/portlibs/switch/lib\libcurl.a(libcurl_la-multi.o)
                0x0000000000003460                Curl_attach_connnection
 *fill*         0x000000000000347c        0x4 
 .text.curl_multi_poll
                0x0000000000003480       0x44 C:/devkitPro/portlibs/switch/lib\libcurl.a(libcurl_la-multi.o)
                0x0000000000003480                curl_multi_poll
 *fill*         0x00000000000034c4        0xc 
 .text.curl_multi_info_read
                0x00000000000034d0       0x9c C:/devkitPro/portlibs/switch/lib\libcurl.a(libcurl_la-multi.o)
                0x00000000000034d0                curl_multi_info_read
 *fill*         0x000000000000356c        0x4 
 .text.Curl_multi_closed
                0x0000000000003570       0xb0 C:/devkitPro/portlibs/switch/lib\libcurl.a(libcurl_la-multi.o)
                0x0000000000003570                Curl_multi_closed
 .text.curl_multi_setopt
                0x0000000000003620      0x22c C:/devkitPro/portlibs/switch/lib\libcurl.a(libcurl_la-multi.o)
                0x0000000000003620                curl_multi_setopt
 *fill*         0x000000000000384c        0x4 
 .text.Curl_update_timer
                0x0000000000003850       0xc4 C:/devkitPro/portlibs/switch/lib\libcurl.a(libcurl_la-multi.o)
                0x0000000000003850                Curl_update_timer
 *fill*         0x0000000000003914        0xc 
 .text.Curl_expire
                0x0000000000003920      0x220 C:/devkitPro/portlibs/switch/lib\libcurl.a(libcurl_la-multi.o)
                0x0000000000003920                Curl_expire
 .text.curl_multi_add_handle.part.0
                0x0000000000003b40      0x124 C:/devkitPro/portlibs/switch/lib\libcurl.a(libcurl_la-multi.o)
 *fill*         0x0000000000003c64        0xc 
 .text.curl_multi_add_handle
                0x0000000000003c70       0x60 C:/devkitPro/portlibs/switch/lib\libcurl.a(libcurl_la-multi.o)
                0x0000000000003c70                curl_multi_add_handle
 .text.process_pending_handles
                0x0000000000003cd0       0x78 C:/devkitPro/portlibs/switch/lib\libcurl.a(libcurl_la-multi.o)
 *fill*         0x0000000000003d48        0x8 
 .text.multi_done
                0x0000000000003d50      0x300 C:/devkitPro/portlibs/switch/lib\libcurl.a(libcurl_la-multi.o)
 .text.curl_multi_cleanup
                0x0000000000004050      0x130 C:/devkitPro/portlibs/switch/lib\libcurl.a(libcurl_la-multi.o)
                0x0000000000004050                curl_multi_cleanup
 .text.multi_runsingle
                0x0000000000004180     0x1404 C:/devkitPro/portlibs/switch/lib\libcurl.a(libcurl_la-multi.o)
 *fill*         0x0000000000005584        0xc 
 .text.curl_multi_perform
                0x0000000000005590      0x114 C:/devkitPro/portlibs/switch/lib\libcurl.a(libcurl_la-multi.o)
                0x0000000000005590                curl_multi_perform
 *fill*         0x00000000000056a4        0xc 
 .text.Curl_expire_done
                0x00000000000056b0       0x3c C:/devkitPro/portlibs/switch/lib\libcurl.a(libcurl_la-multi.o)
                0x00000000000056b0                Curl_expire_done
 *fill*         0x00000000000056ec        0x4 
 .text.Curl_expire_clear
                0x00000000000056f0       0xd0 C:/devkitPro/portlibs/switch/lib\libcurl.a(libcurl_la-multi.o)
                0x00000000000056f0                Curl_expire_clear
 .text.Curl_init_completed
                0x00000000000057c0       0x3c C:/devkitPro/portlibs/switch/lib\libcurl.a(libcurl_la-multi.o)
 *fill*         0x00000000000057fc        0x4 
 .text.curl_multi_remove_handle
                0x0000000000005800      0x20c C:/devkitPro/portlibs/switch/lib\libcurl.a(libcurl_la-multi.o)
                0x0000000000005800                curl_multi_remove_handle
 *fill*         0x0000000000005a0c        0x4 
 .text.Curl_multi_max_host_connections
                0x0000000000005a10       0x14 C:/devkitPro/portlibs/switch/lib\libcurl.a(libcurl_la-multi.o)
                0x0000000000005a10                Curl_multi_max_host_connections
 *fill*         0x0000000000005a24        0xc 
 .text.Curl_multi_max_total_connections
                0x0000000000005a30       0x14 C:/devkitPro/portlibs/switch/lib\libcurl.a(libcurl_la-multi.o)
                0x0000000000005a30                Curl_multi_max_total_connections
 *fill*         0x0000000000005a44        0xc 
 .text.Curl_set_in_callback
                0x0000000000005a50       0x28 C:/devkitPro/portlibs/switch/lib\libcurl.a(libcurl_la-multi.o)
                0x0000000000005a50                Curl_set_in_callback
 *fill*         0x0000000000005a78        0x8 
 .text.Curl_share_lock
                0x0000000000005a80       0x60 C:/devkitPro/portlibs/switch/lib\libcurl.a(libcurl_la-share.o)
                0x0000000000005a80                Curl_share_lock
 .text.Curl_share_unlock
                0x0000000000005ae0       0x60 C:/devkitPro/portlibs/switch/lib\libcurl.a(libcurl_la-share.o)
                0x0000000000005ae0                Curl_share_unlock
 .text.Curl_input_digest
                0x0000000000005b40       0x88 C:/devkitPro/portlibs/switch/lib\libcurl.a(libcurl_la-http_digest.o)
                0x0000000000005b40                Curl_input_digest
 *fill*         0x0000000000005bc8        0x8 
 .text.Curl_output_digest
                0x0000000000005bd0      0x1dc C:/devkitPro/portlibs/switch/lib\libcurl.a(libcurl_la-http_digest.o)
                0x0000000000005bd0                Curl_output_digest
 *fill*         0x0000000000005dac        0x4 
 .text.Curl_http_auth_cleanup_digest
                0x0000000000005db0       0x30 C:/devkitPro/portlibs/switch/lib\libcurl.a(libcurl_la-http_digest.o)
                0x0000000000005db0                Curl_http_auth_cleanup_digest
 .text.curl_easy_strerror
                0x0000000000005de0      0x440 C:/devkitPro/portlibs/switch/lib\libcurl.a(libcurl_la-strerror.o)
                0x0000000000005de0                curl_easy_strerror
 .text.Curl_strerror
                0x0000000000006220      0x118 C:/devkitPro/portlibs/switch/lib\libcurl.a(libcurl_la-strerror.o)
                0x0000000000006220                Curl_strerror
 *fill*         0x0000000000006338        0x8 
 .text.Curl_wait_ms
                0x0000000000006340       0x54 C:/devkitPro/portlibs/switch/lib\libcurl.a(libcurl_la-select.o)
                0x0000000000006340                Curl_wait_ms
 *fill*         0x0000000000006394        0xc 
 .text.Curl_socket_check
                0x00000000000063a0      0x1f8 C:/devkitPro/portlibs/switch/lib\libcurl.a(libcurl_la-select.o)
                0x00000000000063a0                Curl_socket_check
 *fill*         0x0000000000006598        0x8 
 .text.Curl_poll
                0x00000000000065a0      0x12c C:/devkitPro/portlibs/switch/lib\libcurl.a(libcurl_la-select.o)
                0x00000000000065a0                Curl_poll
 *fill*         0x00000000000066cc        0x4 
 .text.Curl_splay
                0x00000000000066d0      0x14c C:/devkitPro/portlibs/switch/lib\libcurl.a(libcurl_la-splay.o)
                0x00000000000066d0                Curl_splay
 *fill*         0x000000000000681c        0x4 
 .text.Curl_splayinsert
                0x0000000000006820       0xac C:/devkitPro/portlibs/switch/lib\libcurl.a(libcurl_la-splay.o)
                0x0000000000006820                Curl_splayinsert
 *fill*         0x00000000000068cc        0x4 
 .text.Curl_splaygetbest
                0x00000000000068d0       0xa8 C:/devkitPro/portlibs/switch/lib\libcurl.a(libcurl_la-splay.o)
                0x00000000000068d0                Curl_splaygetbest
 *fill*         0x0000000000006978        0x8 
 .text.Curl_splayremovebyaddr
                0x0000000000006980       0xf0 C:/devkitPro/portlibs/switch/lib\libcurl.a(libcurl_la-splay.o)
                0x0000000000006980                Curl_splayremovebyaddr
 .text.Curl_memdup
                0x0000000000006a70       0x54 C:/devkitPro/portlibs/switch/lib\libcurl.a(libcurl_la-strdup.o)
                0x0000000000006a70                Curl_memdup
 *fill*         0x0000000000006ac4        0xc 
 .text.Curl_saferealloc
                0x0000000000006ad0       0x58 C:/devkitPro/portlibs/switch/lib\libcurl.a(libcurl_la-strdup.o)
                0x0000000000006ad0                Curl_saferealloc
 *fill*         0x0000000000006b28        0x8 
 .text.Curl_SOCKS_getsock
                0x0000000000006b30       0x40 C:/devkitPro/portlibs/switch/lib\libcurl.a(libcurl_la-socks.o)
                0x0000000000006b30                Curl_SOCKS_getsock
 .text.Curl_SOCKS4
                0x0000000000006b70      0x5c0 C:/devkitPro/portlibs/switch/lib\libcurl.a(libcurl_la-socks.o)
                0x0000000000006b70                Curl_SOCKS4
 .text.Curl_SOCKS5
                0x0000000000007130      0xaf0 C:/devkitPro/portlibs/switch/lib\libcurl.a(libcurl_la-socks.o)
                0x0000000000007130                Curl_SOCKS5
 .text.Curl_slist_append_nodup
                0x0000000000007c20       0x58 C:/devkitPro/portlibs/switch/lib\libcurl.a(libcurl_la-slist.o)
                0x0000000000007c20                Curl_slist_append_nodup
 *fill*         0x0000000000007c78        0x8 
 .text.curl_slist_append
                0x0000000000007c80       0xd0 C:/devkitPro/portlibs/switch/lib\libcurl.a(libcurl_la-slist.o)
                0x0000000000007c80                curl_slist_append
 .text.curl_slist_free_all
                0x0000000000007d50       0x5c C:/devkitPro/portlibs/switch/lib\libcurl.a(libcurl_la-slist.o)
                0x0000000000007d50                curl_slist_free_all
 *fill*         0x0000000000007dac        0x4 
 .text.curlx_nonblock
                0x0000000000007db0       0x40 C:/devkitPro/portlibs/switch/lib\libcurl.a(libcurl_la-nonblock.o)
                0x0000000000007db0                curlx_nonblock
 .text.curlx_ultous
                0x0000000000007df0        0x4 C:/devkitPro/portlibs/switch/lib\libcurl.a(libcurl_la-warnless.o)
                0x0000000000007df0                curlx_ultous
 *fill*         0x0000000000007df4        0xc 
 .text.curlx_ultouc
                0x0000000000007e00        0x4 C:/devkitPro/portlibs/switch/lib\libcurl.a(libcurl_la-warnless.o)
                0x0000000000007e00                curlx_ultouc
 *fill*         0x0000000000007e04        0xc 
 .text.curlx_uztosi
                0x0000000000007e10        0x8 C:/devkitPro/portlibs/switch/lib\libcurl.a(libcurl_la-warnless.o)
                0x0000000000007e10                curlx_uztosi
 *fill*         0x0000000000007e18        0x8 
 .text.curlx_uztoui
                0x0000000000007e20        0x4 C:/devkitPro/portlibs/switch/lib\libcurl.a(libcurl_la-warnless.o)
                0x0000000000007e20                curlx_uztoui
 *fill*         0x0000000000007e24        0xc 
 .text.curlx_sltosi
                0x0000000000007e30        0x8 C:/devkitPro/portlibs/switch/lib\libcurl.a(libcurl_la-warnless.o)
                0x0000000000007e30                curlx_sltosi
 *fill*         0x0000000000007e38        0x8 
 .text.curlx_sltous
                0x0000000000007e40        0x4 C:/devkitPro/portlibs/switch/lib\libcurl.a(libcurl_la-warnless.o)
                0x0000000000007e40                curlx_sltous
 *fill*         0x0000000000007e44        0xc 
 .text.curlx_uztosz
                0x0000000000007e50        0x8 C:/devkitPro/portlibs/switch/lib\libcurl.a(libcurl_la-warnless.o)
                0x0000000000007e50                curlx_uztosz
 *fill*         0x0000000000007e58        0x8 
 .text.curlx_sotouz
                0x0000000000007e60        0x4 C:/devkitPro/portlibs/switch/lib\libcurl.a(libcurl_la-warnless.o)
                0x0000000000007e60                curlx_sotouz
 *fill*         0x0000000000007e64        0xc 
 .text.Curl_connect_complete
                0x0000000000007e70       0x24 C:/devkitPro/portlibs/switch/lib\libcurl.a(libcurl_la-http_proxy.o)
                0x0000000000007e70                Curl_connect_complete
 *fill*         0x0000000000007e94        0xc 
 .text.Curl_connect_ongoing
                0x0000000000007ea0       0x24 C:/devkitPro/portlibs/switch/lib\libcurl.a(libcurl_la-http_proxy.o)
                0x0000000000007ea0                Curl_connect_ongoing
 *fill*         0x0000000000007ec4        0xc 
 .text.Curl_connect_free
                0x0000000000007ed0       0x38 C:/devkitPro/portlibs/switch/lib\libcurl.a(libcurl_la-http_proxy.o)
                0x0000000000007ed0                Curl_connect_free
 *fill*         0x0000000000007f08        0x8 
 .text.Curl_proxyCONNECT
                0x0000000000007f10      0xc1c C:/devkitPro/portlibs/switch/lib\libcurl.a(libcurl_la-http_proxy.o)
                0x0000000000007f10                Curl_proxyCONNECT
 *fill*         0x0000000000008b2c        0x4 
 .text.Curl_proxy_connect
                0x0000000000008b30      0x150 C:/devkitPro/portlibs/switch/lib\libcurl.a(libcurl_la-http_proxy.o)
                0x0000000000008b30                Curl_proxy_connect
 .text.conn_llist_dtor
                0x0000000000008c80        0x8 C:/devkitPro/portlibs/switch/lib\libcurl.a(libcurl_la-conncache.o)
 *fill*         0x0000000000008c88        0x8 
 .text.free_bundle_hash_entry
                0x0000000000008c90       0x44 C:/devkitPro/portlibs/switch/lib\libcurl.a(libcurl_la-conncache.o)
 *fill*         0x0000000000008cd4        0xc 
 .text.Curl_conncache_init
                0x0000000000008ce0       0x90 C:/devkitPro/portlibs/switch/lib\libcurl.a(libcurl_la-conncache.o)
                0x0000000000008ce0                Curl_conncache_init
 .text.Curl_conncache_destroy
                0x0000000000008d70        0xc C:/devkitPro/portlibs/switch/lib\libcurl.a(libcurl_la-conncache.o)
                0x0000000000008d70                Curl_conncache_destroy
 *fill*         0x0000000000008d7c        0x4 
 .text.Curl_conncache_unlock
                0x0000000000008d80       0x14 C:/devkitPro/portlibs/switch/lib\libcurl.a(libcurl_la-conncache.o)
                0x0000000000008d80                Curl_conncache_unlock
 *fill*         0x0000000000008d94        0xc 
 .text.Curl_conncache_size
                0x0000000000008da0       0x68 C:/devkitPro/portlibs/switch/lib\libcurl.a(libcurl_la-conncache.o)
                0x0000000000008da0                Curl_conncache_size
 *fill*         0x0000000000008e08        0x8 
 .text.Curl_conncache_find_bundle
                0x0000000000008e10       0xc0 C:/devkitPro/portlibs/switch/lib\libcurl.a(libcurl_la-conncache.o)
                0x0000000000008e10                Curl_conncache_find_bundle
 .text.Curl_conncache_add_conn
                0x0000000000008ed0      0x17c C:/devkitPro/portlibs/switch/lib\libcurl.a(libcurl_la-conncache.o)
                0x0000000000008ed0                Curl_conncache_add_conn
 *fill*         0x000000000000904c        0x4 
 .text.Curl_conncache_remove_conn
                0x0000000000009050      0x138 C:/devkitPro/portlibs/switch/lib\libcurl.a(libcurl_la-conncache.o)
                0x0000000000009050                Curl_conncache_remove_conn
 *fill*         0x0000000000009188        0x8 
 .text.Curl_conncache_foreach
                0x0000000000009190      0x114 C:/devkitPro/portlibs/switch/lib\libcurl.a(libcurl_la-conncache.o)
                0x0000000000009190                Curl_conncache_foreach
 *fill*         0x00000000000092a4        0xc 
 .text.Curl_conncache_extract_bundle
                0x00000000000092b0      0x128 C:/devkitPro/portlibs/switch/lib\libcurl.a(libcurl_la-conncache.o)
                0x00000000000092b0                Curl_conncache_extract_bundle
 *fill*         0x00000000000093d8        0x8 
 .text.Curl_conncache_extract_oldest
                0x00000000000093e0      0x194 C:/devkitPro/portlibs/switch/lib\libcurl.a(libcurl_la-conncache.o)
                0x00000000000093e0                Curl_conncache_extract_oldest
 *fill*         0x0000000000009574        0xc 
 .text.Curl_conncache_return_conn
                0x0000000000009580       0xd8 C:/devkitPro/portlibs/switch/lib\libcurl.a(libcurl_la-conncache.o)
                0x0000000000009580                Curl_conncache_return_conn
 *fill*         0x0000000000009658        0x8 
 .text.Curl_conncache_close_all_connections
                0x0000000000009660       0xdc C:/devkitPro/portlibs/switch/lib\libcurl.a(libcurl_la-conncache.o)
                0x0000000000009660                Curl_conncache_close_all_connections
 *fill*         0x000000000000973c        0x4 
 .text.escape_string
                0x0000000000009740       0xe0 C:/devkitPro/portlibs/switch/lib\libcurl.a(libcurl_la-mime.o)
 .text.mime_mem_seek
                0x0000000000009820       0x48 C:/devkitPro/portlibs/switch/lib\libcurl.a(libcurl_la-mime.o)
 *fill*         0x0000000000009868        0x8 
 .text.mime_mem_free
                0x0000000000009870       0x34 C:/devkitPro/portlibs/switch/lib\libcurl.a(libcurl_la-mime.o)
 *fill*         0x00000000000098a4        0xc 
 .text.mime_mem_read
                0x00000000000098b0       0x98 C:/devkitPro/portlibs/switch/lib\libcurl.a(libcurl_la-mime.o)
 *fill*         0x0000000000009948        0x8 
 .text.readback_bytes
                0x0000000000009950       0xb0 C:/devkitPro/portlibs/switch/lib\libcurl.a(libcurl_la-mime.o)
 .text.mime_file_free
                0x0000000000009a00       0x44 C:/devkitPro/portlibs/switch/lib\libcurl.a(libcurl_la-mime.o)
 *fill*         0x0000000000009a44        0xc 
 .text.mime_file_seek
                0x0000000000009a50       0x80 C:/devkitPro/portlibs/switch/lib\libcurl.a(libcurl_la-mime.o)
 .text.mime_file_read
                0x0000000000009ad0       0x80 C:/devkitPro/portlibs/switch/lib\libcurl.a(libcurl_la-mime.o)
 .text.readback_part
                0x0000000000009b50      0x4a4 C:/devkitPro/portlibs/switch/lib\libcurl.a(libcurl_la-mime.o)
 *fill*         0x0000000000009ff4        0xc 
 .text.read_part_content.part.0
                0x000000000000a000      0x2cc C:/devkitPro/portlibs/switch/lib\libcurl.a(libcurl_la-mime.o)
 *fill*         0x000000000000a2cc        0x4 
 .text.search_header
                0x000000000000a2d0       0x98 C:/devkitPro/portlibs/switch/lib\libcurl.a(libcurl_la-mime.o)
 *fill*         0x000000000000a368        0x8 
 .text.mime_subparts_seek
                0x000000000000a370      0x128 C:/devkitPro/portlibs/switch/lib\libcurl.a(libcurl_la-mime.o)
 *fill*         0x000000000000a498        0x8 
 .text.mime_subparts_unbind
                0x000000000000a4a0       0x44 C:/devkitPro/portlibs/switch/lib\libcurl.a(libcurl_la-mime.o)
 *fill*         0x000000000000a4e4        0xc 
 .text.Curl_mime_cleanpart
                0x000000000000a4f0       0xcc C:/devkitPro/portlibs/switch/lib\libcurl.a(libcurl_la-mime.o)
                0x000000000000a4f0                Curl_mime_cleanpart
 *fill*         0x000000000000a5bc        0x4 
 .text.curl_mime_free.part.0
                0x000000000000a5c0       0xac C:/devkitPro/portlibs/switch/lib\libcurl.a(libcurl_la-mime.o)
 *fill*         0x000000000000a66c        0x4 
 .text.mime_subparts_free
                0x000000000000a670       0x44 C:/devkitPro/portlibs/switch/lib\libcurl.a(libcurl_la-mime.o)
 *fill*         0x000000000000a6b4        0xc 
 .text.curl_mime_init
                0x000000000000a6c0       0x8c C:/devkitPro/portlibs/switch/lib\libcurl.a(libcurl_la-mime.o)
                0x000000000000a6c0                curl_mime_init
 *fill*         0x000000000000a74c        0x4 
 .text.Curl_mime_initpart
                0x000000000000a750       0x38 C:/devkitPro/portlibs/switch/lib\libcurl.a(libcurl_la-mime.o)
                0x000000000000a750                Curl_mime_initpart
 *fill*         0x000000000000a788        0x8 
 .text.curl_mime_addpart
                0x000000000000a790       0x90 C:/devkitPro/portlibs/switch/lib\libcurl.a(libcurl_la-mime.o)
                0x000000000000a790                curl_mime_addpart
 .text.curl_mime_name
                0x000000000000a820       0x70 C:/devkitPro/portlibs/switch/lib\libcurl.a(libcurl_la-mime.o)
                0x000000000000a820                curl_mime_name
 .text.curl_mime_filename
                0x000000000000a890       0x70 C:/devkitPro/portlibs/switch/lib\libcurl.a(libcurl_la-mime.o)
                0x000000000000a890                curl_mime_filename
 .text.curl_mime_filedata.part.0
                0x000000000000a900      0x1c4 C:/devkitPro/portlibs/switch/lib\libcurl.a(libcurl_la-mime.o)
 *fill*         0x000000000000aac4        0xc 
 .text.curl_mime_data
                0x000000000000aad0      0x118 C:/devkitPro/portlibs/switch/lib\libcurl.a(libcurl_la-mime.o)
                0x000000000000aad0                curl_mime_data
 *fill*         0x000000000000abe8        0x8 
 .text.curl_mime_filedata
                0x000000000000abf0       0x88 C:/devkitPro/portlibs/switch/lib\libcurl.a(libcurl_la-mime.o)
                0x000000000000abf0                curl_mime_filedata
 *fill*         0x000000000000ac78        0x8 
 .text.curl_mime_type
                0x000000000000ac80       0x70 C:/devkitPro/portlibs/switch/lib\libcurl.a(libcurl_la-mime.o)
                0x000000000000ac80                curl_mime_type
 .text.curl_mime_headers
                0x000000000000acf0       0x7c C:/devkitPro/portlibs/switch/lib\libcurl.a(libcurl_la-mime.o)
                0x000000000000acf0                curl_mime_headers
 *fill*         0x000000000000ad6c        0x4 
 .text.curl_mime_data_cb
                0x000000000000ad70       0xa8 C:/devkitPro/portlibs/switch/lib\libcurl.a(libcurl_la-mime.o)
                0x000000000000ad70                curl_mime_data_cb
 *fill*         0x000000000000ae18        0x8 
 .text.Curl_mime_set_subparts
                0x000000000000ae20      0x154 C:/devkitPro/portlibs/switch/lib\libcurl.a(libcurl_la-mime.o)
                0x000000000000ae20                Curl_mime_set_subparts
 *fill*         0x000000000000af74        0xc 
 .text.curl_mime_subparts
                0x000000000000af80        0x8 C:/devkitPro/portlibs/switch/lib\libcurl.a(libcurl_la-mime.o)
                0x000000000000af80                curl_mime_subparts
 *fill*         0x000000000000af88        0x8 
 .text.Curl_mime_read
                0x000000000000af90       0x50 C:/devkitPro/portlibs/switch/lib\libcurl.a(libcurl_la-mime.o)
                0x000000000000af90                Curl_mime_read
 .text.Curl_mime_rewind
                0x000000000000afe0       0xa4 C:/devkitPro/portlibs/switch/lib\libcurl.a(libcurl_la-mime.o)
                0x000000000000afe0                Curl_mime_rewind
 *fill*         0x000000000000b084        0xc 
 .text.Curl_mime_size
                0x000000000000b090      0x188 C:/devkitPro/portlibs/switch/lib\libcurl.a(libcurl_la-mime.o)
                0x000000000000b090                Curl_mime_size
 *fill*         0x000000000000b218        0x8 
 .text.Curl_mime_add_header
                0x000000000000b220       0xe4 C:/devkitPro/portlibs/switch/lib\libcurl.a(libcurl_la-mime.o)
                0x000000000000b220                Curl_mime_add_header
 *fill*         0x000000000000b304        0xc 
 .text.Curl_mime_contenttype
                0x000000000000b310       0xb8 C:/devkitPro/portlibs/switch/lib\libcurl.a(libcurl_la-mime.o)
                0x000000000000b310                Curl_mime_contenttype
 *fill*         0x000000000000b3c8        0x8 
 .text.Curl_mime_prepare_headers
                0x000000000000b3d0      0x51c C:/devkitPro/portlibs/switch/lib\libcurl.a(libcurl_la-mime.o)
                0x000000000000b3d0                Curl_mime_prepare_headers
 *fill*         0x000000000000b8ec        0x4 
 .text.setstropt_userpwd
                0x000000000000b8f0       0xd0 C:/devkitPro/portlibs/switch/lib\libcurl.a(libcurl_la-setopt.o)
 .text.Curl_setstropt
                0x000000000000b9c0       0xac C:/devkitPro/portlibs/switch/lib\libcurl.a(libcurl_la-setopt.o)
                0x000000000000b9c0                Curl_setstropt
 *fill*         0x000000000000ba6c        0x4 
 .text.Curl_vsetopt
                0x000000000000ba70     0x2ee4 C:/devkitPro/portlibs/switch/lib\libcurl.a(libcurl_la-setopt.o)
                0x000000000000ba70                Curl_vsetopt
 *fill*         0x000000000000e954        0xc 
 .text.curl_easy_setopt
                0x000000000000e960       0x80 C:/devkitPro/portlibs/switch/lib\libcurl.a(libcurl_la-setopt.o)
                0x000000000000e960                curl_easy_setopt
 .text.Curl_isspace
                0x000000000000e9e0       0x24 C:/devkitPro/portlibs/switch/lib\libcurl.a(libcurl_la-curl_ctype.o)
                0x000000000000e9e0                Curl_isspace
 *fill*         0x000000000000ea04        0xc 
 .text.Curl_isdigit
                0x000000000000ea10       0x24 C:/devkitPro/portlibs/switch/lib\libcurl.a(libcurl_la-curl_ctype.o)
                0x000000000000ea10                Curl_isdigit
 *fill*         0x000000000000ea34        0xc 
 .text.Curl_isalnum
                0x000000000000ea40       0x24 C:/devkitPro/portlibs/switch/lib\libcurl.a(libcurl_la-curl_ctype.o)
                0x000000000000ea40                Curl_isalnum
 *fill*         0x000000000000ea64        0xc 
 .text.Curl_isxdigit
                0x000000000000ea70       0x28 C:/devkitPro/portlibs/switch/lib\libcurl.a(libcurl_la-curl_ctype.o)
                0x000000000000ea70                Curl_isxdigit
 *fill*         0x000000000000ea98        0x8 
 .text.Curl_isgraph
                0x000000000000eaa0       0x30 C:/devkitPro/portlibs/switch/lib\libcurl.a(libcurl_la-curl_ctype.o)
                0x000000000000eaa0                Curl_isgraph
 .text.Curl_isalpha
                0x000000000000ead0       0x24 C:/devkitPro/portlibs/switch/lib\libcurl.a(libcurl_la-curl_ctype.o)
                0x000000000000ead0                Curl_isalpha
 *fill*         0x000000000000eaf4        0xc 
 .text.Curl_isupper
                0x000000000000eb00       0x24 C:/devkitPro/portlibs/switch/lib\libcurl.a(libcurl_la-curl_ctype.o)
                0x000000000000eb00                Curl_isupper
 *fill*         0x000000000000eb24        0xc 
 .text.Curl_iscntrl
                0x000000000000eb30       0x24 C:/devkitPro/portlibs/switch/lib\libcurl.a(libcurl_la-curl_ctype.o)
                0x000000000000eb30                Curl_iscntrl
 *fill*         0x000000000000eb54        0xc 
 .text.auth_digest_sha256_to_ascii
                0x000000000000eb60       0x58 C:/devkitPro/portlibs/switch/lib\libcurl.a(libcurl_la-digest.o)
 *fill*         0x000000000000ebb8        0x8 
 .text.auth_digest_md5_to_ascii
                0x000000000000ebc0       0x58 C:/devkitPro/portlibs/switch/lib\libcurl.a(libcurl_la-digest.o)
 *fill*         0x000000000000ec18        0x8 
 .text.auth_create_digest_http_message
                0x000000000000ec20      0x598 C:/devkitPro/portlibs/switch/lib\libcurl.a(libcurl_la-digest.o)
 *fill*         0x000000000000f1b8        0x8 
 .text.Curl_auth_digest_get_pair
                0x000000000000f1c0      0x124 C:/devkitPro/portlibs/switch/lib\libcurl.a(libcurl_la-digest.o)
                0x000000000000f1c0                Curl_auth_digest_get_pair
 *fill*         0x000000000000f2e4        0xc 
 .text.Curl_auth_is_digest_supported
                0x000000000000f2f0        0x8 C:/devkitPro/portlibs/switch/lib\libcurl.a(libcurl_la-digest.o)
                0x000000000000f2f0                Curl_auth_is_digest_supported
 *fill*         0x000000000000f2f8        0x8 
 .text.Curl_auth_create_digest_md5_message
                0x000000000000f300      0x8b0 C:/devkitPro/portlibs/switch/lib\libcurl.a(libcurl_la-digest.o)
                0x000000000000f300                Curl_auth_create_digest_md5_message
 .text.Curl_auth_create_digest_http_message
                0x000000000000fbb0       0x88 C:/devkitPro/portlibs/switch/lib\libcurl.a(libcurl_la-digest.o)
                0x000000000000fbb0                Curl_auth_create_digest_http_message
 *fill*         0x000000000000fc38        0x8 
 .text.Curl_auth_digest_cleanup
                0x000000000000fc40       0x98 C:/devkitPro/portlibs/switch/lib\libcurl.a(libcurl_la-digest.o)
                0x000000000000fc40                Curl_auth_digest_cleanup
 *fill*         0x000000000000fcd8        0x8 
 .text.Curl_auth_decode_digest_http_message
                0x000000000000fce0      0x50c C:/devkitPro/portlibs/switch/lib\libcurl.a(libcurl_la-digest.o)
                0x000000000000fce0                Curl_auth_decode_digest_http_message
 *fill*         0x00000000000101ec        0x4 
 .text.Curl_none_cleanup
                0x00000000000101f0        0x4 C:/devkitPro/portlibs/switch/lib\libcurl.a(libcurl_la-vtls.o)
                0x00000000000101f0                Curl_none_cleanup
 *fill*         0x00000000000101f4        0xc 
 .text.Curl_none_shutdown
                0x0000000000010200        0x8 C:/devkitPro/portlibs/switch/lib\libcurl.a(libcurl_la-vtls.o)
                0x0000000000010200                Curl_none_shutdown
 *fill*         0x0000000000010208        0x8 
 .text.Curl_none_check_cxn
                0x0000000000010210        0x8 C:/devkitPro/portlibs/switch/lib\libcurl.a(libcurl_la-vtls.o)
                0x0000000000010210                Curl_none_check_cxn
 *fill*         0x0000000000010218        0x8 
 .text.Curl_none_random
                0x0000000000010220        0x8 C:/devkitPro/portlibs/switch/lib\libcurl.a(libcurl_la-vtls.o)
                0x0000000000010220                Curl_none_random
 *fill*         0x0000000000010228        0x8 
 .text.Curl_none_close_all
                0x0000000000010230        0x4 C:/devkitPro/portlibs/switch/lib\libcurl.a(libcurl_la-vtls.o)
                0x0000000000010230                Curl_none_close_all
 *fill*         0x0000000000010234        0xc 
 .text.Curl_none_data_pending
                0x0000000000010240        0x8 C:/devkitPro/portlibs/switch/lib\libcurl.a(libcurl_la-vtls.o)
                0x0000000000010240                Curl_none_data_pending
 *fill*         0x0000000000010248        0x8 
 .text.Curl_none_cert_status_request
                0x0000000000010250        0x8 C:/devkitPro/portlibs/switch/lib\libcurl.a(libcurl_la-vtls.o)
                0x0000000000010250                Curl_none_cert_status_request
 *fill*         0x0000000000010258        0x8 
 .text.Curl_none_set_engine
                0x0000000000010260        0x8 C:/devkitPro/portlibs/switch/lib\libcurl.a(libcurl_la-vtls.o)
                0x0000000000010260                Curl_none_set_engine
 *fill*         0x0000000000010268        0x8 
 .text.Curl_none_set_engine_default
                0x0000000000010270        0x8 C:/devkitPro/portlibs/switch/lib\libcurl.a(libcurl_la-vtls.o)
                0x0000000000010270                Curl_none_set_engine_default
 *fill*         0x0000000000010278        0x8 
 .text.Curl_none_engines_list
                0x0000000000010280        0x8 C:/devkitPro/portlibs/switch/lib\libcurl.a(libcurl_la-vtls.o)
                0x0000000000010280                Curl_none_engines_list
 *fill*         0x0000000000010288        0x8 
 .text.Curl_multissl_version
                0x0000000000010290      0x190 C:/devkitPro/portlibs/switch/lib\libcurl.a(libcurl_la-vtls.o)
 .text.ssl_prefs_check
                0x0000000000010420       0x68 C:/devkitPro/portlibs/switch/lib\libcurl.a(libcurl_la-vtls.o)
 *fill*         0x0000000000010488        0x8 
 .text.Curl_none_md5sum
                0x0000000000010490       0x7c C:/devkitPro/portlibs/switch/lib\libcurl.a(libcurl_la-vtls.o)
                0x0000000000010490                Curl_none_md5sum
 *fill*         0x000000000001050c        0x4 
 .text.multissl_init.part.0
                0x0000000000010510       0xc8 C:/devkitPro/portlibs/switch/lib\libcurl.a(libcurl_la-vtls.o)
 *fill*         0x00000000000105d8        0x8 
 .text.ssl_connect_init_proxy
                0x00000000000105e0       0xb8 C:/devkitPro/portlibs/switch/lib\libcurl.a(libcurl_la-vtls.o)
 *fill*         0x0000000000010698        0x8 
 .text.Curl_ssl_config_matches.part.0
                0x00000000000106a0       0xac C:/devkitPro/portlibs/switch/lib\libcurl.a(libcurl_la-vtls.o)
 *fill*         0x000000000001074c        0x4 
 .text.Curl_ssl_free_certinfo.part.0
                0x0000000000010750       0x6c C:/devkitPro/portlibs/switch/lib\libcurl.a(libcurl_la-vtls.o)
 *fill*         0x00000000000107bc        0x4 
 .text.Curl_none_false_start
                0x00000000000107c0        0x8 C:/devkitPro/portlibs/switch/lib\libcurl.a(libcurl_la-vtls.o)
                0x00000000000107c0                Curl_none_false_start
 *fill*         0x00000000000107c8        0x8 
 .text.Curl_none_session_free
                0x00000000000107d0        0x4 C:/devkitPro/portlibs/switch/lib\libcurl.a(libcurl_la-vtls.o)
                0x00000000000107d0                Curl_none_session_free
 *fill*         0x00000000000107d4        0xc 
 .text.Curl_multissl_init
                0x00000000000107e0       0x60 C:/devkitPro/portlibs/switch/lib\libcurl.a(libcurl_la-vtls.o)
 .text.Curl_multissl_close
                0x0000000000010840       0x7c C:/devkitPro/portlibs/switch/lib\libcurl.a(libcurl_la-vtls.o)
 *fill*         0x00000000000108bc        0x4 
 .text.Curl_multissl_connect
                0x00000000000108c0       0x70 C:/devkitPro/portlibs/switch/lib\libcurl.a(libcurl_la-vtls.o)
 .text.Curl_multissl_get_internals
                0x0000000000010930       0x70 C:/devkitPro/portlibs/switch/lib\libcurl.a(libcurl_la-vtls.o)
 .text.Curl_multissl_connect_nonblocking
                0x00000000000109a0       0x78 C:/devkitPro/portlibs/switch/lib\libcurl.a(libcurl_la-vtls.o)
 *fill*         0x0000000000010a18        0x8 
 .text.Curl_ssl_config_matches
                0x0000000000010a20       0x48 C:/devkitPro/portlibs/switch/lib\libcurl.a(libcurl_la-vtls.o)
                0x0000000000010a20                Curl_ssl_config_matches
 *fill*         0x0000000000010a68        0x8 
 .text.Curl_clone_primary_ssl_config
                0x0000000000010a70      0x1f4 C:/devkitPro/portlibs/switch/lib\libcurl.a(libcurl_la-vtls.o)
                0x0000000000010a70                Curl_clone_primary_ssl_config
 *fill*         0x0000000000010c64        0xc 
 .text.Curl_free_primary_ssl_config
                0x0000000000010c70       0xa4 C:/devkitPro/portlibs/switch/lib\libcurl.a(libcurl_la-vtls.o)
                0x0000000000010c70                Curl_free_primary_ssl_config
 *fill*         0x0000000000010d14        0xc 
 .text.Curl_ssl_backend
                0x0000000000010d20       0x58 C:/devkitPro/portlibs/switch/lib\libcurl.a(libcurl_la-vtls.o)
                0x0000000000010d20                Curl_ssl_backend
 *fill*         0x0000000000010d78        0x8 
 .text.Curl_ssl_init
                0x0000000000010d80       0x30 C:/devkitPro/portlibs/switch/lib\libcurl.a(libcurl_la-vtls.o)
                0x0000000000010d80                Curl_ssl_init
 .text.Curl_ssl_cleanup
                0x0000000000010db0       0x38 C:/devkitPro/portlibs/switch/lib\libcurl.a(libcurl_la-vtls.o)
                0x0000000000010db0                Curl_ssl_cleanup
 *fill*         0x0000000000010de8        0x8 
 .text.Curl_ssl_connect
                0x0000000000010df0       0xb8 C:/devkitPro/portlibs/switch/lib\libcurl.a(libcurl_la-vtls.o)
                0x0000000000010df0                Curl_ssl_connect
 *fill*         0x0000000000010ea8        0x8 
 .text.Curl_ssl_connect_nonblocking
                0x0000000000010eb0       0xcc C:/devkitPro/portlibs/switch/lib\libcurl.a(libcurl_la-vtls.o)
                0x0000000000010eb0                Curl_ssl_connect_nonblocking
 *fill*         0x0000000000010f7c        0x4 
 .text.Curl_ssl_kill_session
                0x0000000000010f80       0x6c C:/devkitPro/portlibs/switch/lib\libcurl.a(libcurl_la-vtls.o)
                0x0000000000010f80                Curl_ssl_kill_session
 *fill*         0x0000000000010fec        0x4 
 .text.Curl_ssl_close_all
                0x0000000000010ff0       0x98 C:/devkitPro/portlibs/switch/lib\libcurl.a(libcurl_la-vtls.o)
                0x0000000000010ff0                Curl_ssl_close_all
 *fill*         0x0000000000011088        0x8 
 .text.Curl_ssl_getsock
                0x0000000000011090        0x8 C:/devkitPro/portlibs/switch/lib\libcurl.a(libcurl_la-vtls.o)
                0x0000000000011090                Curl_ssl_getsock
 *fill*         0x0000000000011098        0x8 
 .text.Curl_ssl_close
                0x00000000000110a0       0x14 C:/devkitPro/portlibs/switch/lib\libcurl.a(libcurl_la-vtls.o)
                0x00000000000110a0                Curl_ssl_close
 *fill*         0x00000000000110b4        0xc 
 .text.Curl_ssl_shutdown
                0x00000000000110c0       0x7c C:/devkitPro/portlibs/switch/lib\libcurl.a(libcurl_la-vtls.o)
                0x00000000000110c0                Curl_ssl_shutdown
 *fill*         0x000000000001113c        0x4 
 .text.Curl_ssl_set_engine
                0x0000000000011140       0x14 C:/devkitPro/portlibs/switch/lib\libcurl.a(libcurl_la-vtls.o)
                0x0000000000011140                Curl_ssl_set_engine
 *fill*         0x0000000000011154        0xc 
 .text.Curl_ssl_set_engine_default
                0x0000000000011160       0x14 C:/devkitPro/portlibs/switch/lib\libcurl.a(libcurl_la-vtls.o)
                0x0000000000011160                Curl_ssl_set_engine_default
 *fill*         0x0000000000011174        0xc 
 .text.Curl_ssl_initsessions
                0x0000000000011180       0x74 C:/devkitPro/portlibs/switch/lib\libcurl.a(libcurl_la-vtls.o)
                0x0000000000011180                Curl_ssl_initsessions
 *fill*         0x00000000000111f4        0xc 
 .text.Curl_ssl_check_cxn
                0x0000000000011200       0x14 C:/devkitPro/portlibs/switch/lib\libcurl.a(libcurl_la-vtls.o)
                0x0000000000011200                Curl_ssl_check_cxn
 *fill*         0x0000000000011214        0xc 
 .text.Curl_ssl_data_pending
                0x0000000000011220       0x14 C:/devkitPro/portlibs/switch/lib\libcurl.a(libcurl_la-vtls.o)
                0x0000000000011220                Curl_ssl_data_pending
 *fill*         0x0000000000011234        0xc 
 .text.Curl_ssl_free_certinfo
                0x0000000000011240       0x10 C:/devkitPro/portlibs/switch/lib\libcurl.a(libcurl_la-vtls.o)
                0x0000000000011240                Curl_ssl_free_certinfo
 .text.Curl_ssl_init_certinfo
                0x0000000000011250       0x6c C:/devkitPro/portlibs/switch/lib\libcurl.a(libcurl_la-vtls.o)
                0x0000000000011250                Curl_ssl_init_certinfo
 *fill*         0x00000000000112bc        0x4 
 .text.Curl_ssl_push_certinfo_len
                0x00000000000112c0      0x124 C:/devkitPro/portlibs/switch/lib\libcurl.a(libcurl_la-vtls.o)
                0x00000000000112c0                Curl_ssl_push_certinfo_len
 *fill*         0x00000000000113e4        0xc 
 .text.Curl_ssl_push_certinfo
                0x00000000000113f0       0x4c C:/devkitPro/portlibs/switch/lib\libcurl.a(libcurl_la-vtls.o)
                0x00000000000113f0                Curl_ssl_push_certinfo
 *fill*         0x000000000001143c        0x4 
 .text.Curl_ssl_random
                0x0000000000011440       0x14 C:/devkitPro/portlibs/switch/lib\libcurl.a(libcurl_la-vtls.o)
                0x0000000000011440                Curl_ssl_random
 *fill*         0x0000000000011454        0xc 
 .text.Curl_pin_peer_pubkey
                0x0000000000011460      0x4c4 C:/devkitPro/portlibs/switch/lib\libcurl.a(libcurl_la-vtls.o)
                0x0000000000011460                Curl_pin_peer_pubkey
 *fill*         0x0000000000011924        0xc 
 .text.Curl_ssl_cert_status_request
                0x0000000000011930       0x14 C:/devkitPro/portlibs/switch/lib\libcurl.a(libcurl_la-vtls.o)
                0x0000000000011930                Curl_ssl_cert_status_request
 *fill*         0x0000000000011944        0xc 
 .text.Curl_ssl_false_start
                0x0000000000011950       0x14 C:/devkitPro/portlibs/switch/lib\libcurl.a(libcurl_la-vtls.o)
                0x0000000000011950                Curl_ssl_false_start
 *fill*         0x0000000000011964        0xc 
 .text.Curl_ssl_tls13_ciphersuites
                0x0000000000011970       0x14 C:/devkitPro/portlibs/switch/lib\libcurl.a(libcurl_la-vtls.o)
                0x0000000000011970                Curl_ssl_tls13_ciphersuites
 *fill*         0x0000000000011984        0xc 
 .text.Curl_libnx_get_internals
                0x0000000000011990        0x8 C:/devkitPro/portlibs/switch/lib\libcurl.a(libcurl_la-libnx.o)
 *fill*         0x0000000000011998        0x8 
 .text.Curl_libnx_sha256sum
                0x00000000000119a0       0x2c C:/devkitPro/portlibs/switch/lib\libcurl.a(libcurl_la-libnx.o)
 *fill*         0x00000000000119cc        0x4 
 .text.Curl_libnx_close
                0x00000000000119d0       0x58 C:/devkitPro/portlibs/switch/lib\libcurl.a(libcurl_la-libnx.o)
 *fill*         0x0000000000011a28        0x8 
 .text.libnx_send
                0x0000000000011a30       0x74 C:/devkitPro/portlibs/switch/lib\libcurl.a(libcurl_la-libnx.o)
 *fill*         0x0000000000011aa4        0xc 
 .text.libnx_recv
                0x0000000000011ab0       0x9c C:/devkitPro/portlibs/switch/lib\libcurl.a(libcurl_la-libnx.o)
 *fill*         0x0000000000011b4c        0x4 
 .text.Curl_libnx_version
                0x0000000000011b50       0x20 C:/devkitPro/portlibs/switch/lib\libcurl.a(libcurl_la-libnx.o)
 .text.load_file
                0x0000000000011b70       0xe8 C:/devkitPro/portlibs/switch/lib\libcurl.a(libcurl_la-libnx.o)
 *fill*         0x0000000000011c58        0x8 
 .text.load_capath
                0x0000000000011c60      0x18c C:/devkitPro/portlibs/switch/lib\libcurl.a(libcurl_la-libnx.o)
 *fill*         0x0000000000011dec        0x4 
 .text.libnx_connect_step2
                0x0000000000011df0      0x404 C:/devkitPro/portlibs/switch/lib\libcurl.a(libcurl_la-libnx.o)
 *fill*         0x00000000000121f4        0xc 
 .text.Curl_libnx_random
                0x0000000000012200       0x28 C:/devkitPro/portlibs/switch/lib\libcurl.a(libcurl_la-libnx.o)
 *fill*         0x0000000000012228        0x8 
 .text.Curl_libnx_data_pending
                0x0000000000012230       0x4c C:/devkitPro/portlibs/switch/lib\libcurl.a(libcurl_la-libnx.o)
 *fill*         0x000000000001227c        0x4 
 .text.Curl_libnx_check_cxn
                0x0000000000012280       0x60 C:/devkitPro/portlibs/switch/lib\libcurl.a(libcurl_la-libnx.o)
 .text.Curl_libnx_cleanup
                0x00000000000122e0       0x14 C:/devkitPro/portlibs/switch/lib\libcurl.a(libcurl_la-libnx.o)
 *fill*         0x00000000000122f4        0xc 
 .text.Curl_libnx_init
                0x0000000000012300       0x38 C:/devkitPro/portlibs/switch/lib\libcurl.a(libcurl_la-libnx.o)
 *fill*         0x0000000000012338        0x8 
 .text.libnx_connect_common
                0x0000000000012340      0x940 C:/devkitPro/portlibs/switch/lib\libcurl.a(libcurl_la-libnx.o)
 .text.Curl_libnx_connect_nonblocking
                0x0000000000012c80        0xc C:/devkitPro/portlibs/switch/lib\libcurl.a(libcurl_la-libnx.o)
 *fill*         0x0000000000012c8c        0x4 
 .text.Curl_libnx_connect
                0x0000000000012c90       0x20 C:/devkitPro/portlibs/switch/lib\libcurl.a(libcurl_la-libnx.o)
 .text.Curl_now
                0x0000000000012cb0       0x64 C:/devkitPro/portlibs/switch/lib\libcurl.a(libcurl_la-timeval.o)
                0x0000000000012cb0                Curl_now
 *fill*         0x0000000000012d14        0xc 
 .text.Curl_timediff
                0x0000000000012d20       0x74 C:/devkitPro/portlibs/switch/lib\libcurl.a(libcurl_la-timeval.o)
                0x0000000000012d20                Curl_timediff
 *fill*         0x0000000000012d94        0xc 
 .text.Curl_timediff_us
                0x0000000000012da0       0x54 C:/devkitPro/portlibs/switch/lib\libcurl.a(libcurl_la-timeval.o)
                0x0000000000012da0                Curl_timediff_us
 *fill*         0x0000000000012df4        0xc 
 .text.base64_encode.constprop.0
                0x0000000000012e00      0x218 C:/devkitPro/portlibs/switch/lib\libcurl.a(libcurl_la-base64.o)
 *fill*         0x0000000000013018        0x8 
 .text.Curl_base64_decode
                0x0000000000013020      0x234 C:/devkitPro/portlibs/switch/lib\libcurl.a(libcurl_la-base64.o)
                0x0000000000013020                Curl_base64_decode
 *fill*         0x0000000000013254        0xc 
 .text.Curl_base64_encode
                0x0000000000013260        0xc C:/devkitPro/portlibs/switch/lib\libcurl.a(libcurl_la-base64.o)
                0x0000000000013260                Curl_base64_encode
 *fill*         0x000000000001326c        0x4 
 .text.Curl_base64url_encode
                0x0000000000013270        0xc C:/devkitPro/portlibs/switch/lib\libcurl.a(libcurl_la-base64.o)
                0x0000000000013270                Curl_base64url_encode
 *fill*         0x000000000001327c        0x4 
 .text.hostcache_timestamp_remove
                0x0000000000013280       0x28 C:/devkitPro/portlibs/switch/lib\libcurl.a(libcurl_la-hostip.o)
 *fill*         0x00000000000132a8        0x8 
 .text.freednsentry
                0x00000000000132b0       0x54 C:/devkitPro/portlibs/switch/lib\libcurl.a(libcurl_la-hostip.o)
 *fill*         0x0000000000013304        0xc 
 .text.create_hostcache_id.constprop.0
                0x0000000000013310       0x98 C:/devkitPro/portlibs/switch/lib\libcurl.a(libcurl_la-hostip.o)
 *fill*         0x00000000000133a8        0x8 
 .text.fetch_addr.isra.0
                0x00000000000133b0      0x110 C:/devkitPro/portlibs/switch/lib\libcurl.a(libcurl_la-hostip.o)
 .text.Curl_num_addresses
                0x00000000000134c0       0x20 C:/devkitPro/portlibs/switch/lib\libcurl.a(libcurl_la-hostip.o)
                0x00000000000134c0                Curl_num_addresses
 .text.Curl_printable_address
                0x00000000000134e0       0x2c C:/devkitPro/portlibs/switch/lib\libcurl.a(libcurl_la-hostip.o)
                0x00000000000134e0                Curl_printable_address
 *fill*         0x000000000001350c        0x4 
 .text.Curl_hostcache_prune
                0x0000000000013510       0x84 C:/devkitPro/portlibs/switch/lib\libcurl.a(libcurl_la-hostip.o)
                0x0000000000013510                Curl_hostcache_prune
 *fill*         0x0000000000013594        0xc 
 .text.Curl_fetch_addr
                0x00000000000135a0       0x84 C:/devkitPro/portlibs/switch/lib\libcurl.a(libcurl_la-hostip.o)
                0x00000000000135a0                Curl_fetch_addr
 *fill*         0x0000000000013624        0xc 
 .text.Curl_cache_addr
                0x0000000000013630      0x29c C:/devkitPro/portlibs/switch/lib\libcurl.a(libcurl_la-hostip.o)
                0x0000000000013630                Curl_cache_addr
 *fill*         0x00000000000138cc        0x4 
 .text.Curl_resolv
                0x00000000000138d0      0x258 C:/devkitPro/portlibs/switch/lib\libcurl.a(libcurl_la-hostip.o)
                0x00000000000138d0                Curl_resolv
 *fill*         0x0000000000013b28        0x8 
 .text.Curl_resolv_timeout
                0x0000000000013b30       0x8c C:/devkitPro/portlibs/switch/lib\libcurl.a(libcurl_la-hostip.o)
                0x0000000000013b30                Curl_resolv_timeout
 *fill*         0x0000000000013bbc        0x4 
 .text.Curl_resolv_unlock
                0x0000000000013bc0       0xc4 C:/devkitPro/portlibs/switch/lib\libcurl.a(libcurl_la-hostip.o)
                0x0000000000013bc0                Curl_resolv_unlock
 *fill*         0x0000000000013c84        0xc 
 .text.Curl_mk_dnscache
                0x0000000000013c90       0x20 C:/devkitPro/portlibs/switch/lib\libcurl.a(libcurl_la-hostip.o)
                0x0000000000013c90                Curl_mk_dnscache
 .text.Curl_hostcache_clean
                0x0000000000013cb0       0x6c C:/devkitPro/portlibs/switch/lib\libcurl.a(libcurl_la-hostip.o)
                0x0000000000013cb0                Curl_hostcache_clean
 *fill*         0x0000000000013d1c        0x4 
 .text.Curl_loadhostpairs
                0x0000000000013d20      0x448 C:/devkitPro/portlibs/switch/lib\libcurl.a(libcurl_la-hostip.o)
                0x0000000000013d20                Curl_loadhostpairs
 *fill*         0x0000000000014168        0x8 
 .text.Curl_resolv_check
                0x0000000000014170       0x18 C:/devkitPro/portlibs/switch/lib\libcurl.a(libcurl_la-hostip.o)
                0x0000000000014170                Curl_resolv_check
 *fill*         0x0000000000014188        0x8 
 .text.Curl_resolv_getsock
                0x0000000000014190        0x8 C:/devkitPro/portlibs/switch/lib\libcurl.a(libcurl_la-hostip.o)
                0x0000000000014190                Curl_resolv_getsock
 *fill*         0x0000000000014198        0x8 
 .text.Curl_once_resolved
                0x00000000000141a0       0x60 C:/devkitPro/portlibs/switch/lib\libcurl.a(libcurl_la-hostip.o)
                0x00000000000141a0                Curl_once_resolved
 .text.time2str
                0x0000000000014200      0x10c C:/devkitPro/portlibs/switch/lib\libcurl.a(libcurl_la-progress.o)
 *fill*         0x000000000001430c        0x4 
 .text.max5data
                0x0000000000014310      0x1b0 C:/devkitPro/portlibs/switch/lib\libcurl.a(libcurl_la-progress.o)
 .text.Curl_pgrsResetTransferSizes
                0x00000000000144c0       0x18 C:/devkitPro/portlibs/switch/lib\libcurl.a(libcurl_la-progress.o)
                0x00000000000144c0                Curl_pgrsResetTransferSizes
 *fill*         0x00000000000144d8        0x8 
 .text.Curl_pgrsTime
                0x00000000000144e0      0x160 C:/devkitPro/portlibs/switch/lib\libcurl.a(libcurl_la-progress.o)
                0x00000000000144e0                Curl_pgrsTime
 .text.Curl_pgrsLimitWaitTime
                0x0000000000014640       0xbc C:/devkitPro/portlibs/switch/lib\libcurl.a(libcurl_la-progress.o)
                0x0000000000014640                Curl_pgrsLimitWaitTime
 *fill*         0x00000000000146fc        0x4 
 .text.Curl_pgrsSetDownloadCounter
                0x0000000000014700        0x8 C:/devkitPro/portlibs/switch/lib\libcurl.a(libcurl_la-progress.o)
                0x0000000000014700                Curl_pgrsSetDownloadCounter
 *fill*         0x0000000000014708        0x8 
 .text.Curl_ratelimit
                0x0000000000014710       0xb8 C:/devkitPro/portlibs/switch/lib\libcurl.a(libcurl_la-progress.o)
                0x0000000000014710                Curl_ratelimit
 *fill*         0x00000000000147c8        0x8 
 .text.Curl_pgrsStartNow
                0x00000000000147d0       0x6c C:/devkitPro/portlibs/switch/lib\libcurl.a(libcurl_la-progress.o)
                0x00000000000147d0                Curl_pgrsStartNow
 *fill*         0x000000000001483c        0x4 
 .text.Curl_pgrsSetUploadCounter
                0x0000000000014840        0x8 C:/devkitPro/portlibs/switch/lib\libcurl.a(libcurl_la-progress.o)
                0x0000000000014840                Curl_pgrsSetUploadCounter
 *fill*         0x0000000000014848        0x8 
 .text.Curl_pgrsSetDownloadSize
                0x0000000000014850       0x28 C:/devkitPro/portlibs/switch/lib\libcurl.a(libcurl_la-progress.o)
                0x0000000000014850                Curl_pgrsSetDownloadSize
 *fill*         0x0000000000014878        0x8 
 .text.Curl_pgrsSetUploadSize
                0x0000000000014880       0x28 C:/devkitPro/portlibs/switch/lib\libcurl.a(libcurl_la-progress.o)
                0x0000000000014880                Curl_pgrsSetUploadSize
 *fill*         0x00000000000148a8        0x8 
 .text.Curl_pgrsUpdate
                0x00000000000148b0      0x62c C:/devkitPro/portlibs/switch/lib\libcurl.a(libcurl_la-progress.o)
                0x00000000000148b0                Curl_pgrsUpdate
 *fill*         0x0000000000014edc        0x4 
 .text.Curl_pgrsDone
                0x0000000000014ee0       0x5c C:/devkitPro/portlibs/switch/lib\libcurl.a(libcurl_la-progress.o)
                0x0000000000014ee0                Curl_pgrsDone
 *fill*         0x0000000000014f3c        0x4 
 .text.freecookie
                0x0000000000014f40       0x90 C:/devkitPro/portlibs/switch/lib\libcurl.a(libcurl_la-cookie.o)
 .text.cookie_sort_ct
                0x0000000000014fd0       0x20 C:/devkitPro/portlibs/switch/lib\libcurl.a(libcurl_la-cookie.o)
 .text.remove_expired
                0x0000000000014ff0       0xa8 C:/devkitPro/portlibs/switch/lib\libcurl.a(libcurl_la-cookie.o)
 *fill*         0x0000000000015098        0x8 
 .text.cookie_sort
                0x00000000000150a0      0x12c C:/devkitPro/portlibs/switch/lib\libcurl.a(libcurl_la-cookie.o)
 *fill*         0x00000000000151cc        0x4 
 .text.tailmatch
                0x00000000000151d0       0x88 C:/devkitPro/portlibs/switch/lib\libcurl.a(libcurl_la-cookie.o)
 *fill*         0x0000000000015258        0x8 
 .text.sanitize_cookie_path
                0x0000000000015260      0x108 C:/devkitPro/portlibs/switch/lib\libcurl.a(libcurl_la-cookie.o)
 *fill*         0x0000000000015368        0x8 
 .text.get_netscape_format
                0x0000000000015370      0x100 C:/devkitPro/portlibs/switch/lib\libcurl.a(libcurl_la-cookie.o)
 .text.cookiehash
                0x0000000000015470       0xcc C:/devkitPro/portlibs/switch/lib\libcurl.a(libcurl_la-cookie.o)
 *fill*         0x000000000001553c        0x4 
 .text.Curl_cookie_add
                0x0000000000015540      0xf08 C:/devkitPro/portlibs/switch/lib\libcurl.a(libcurl_la-cookie.o)
                0x0000000000015540                Curl_cookie_add
 *fill*         0x0000000000016448        0x8 
 .text.Curl_cookie_getlist
                0x0000000000016450      0x43c C:/devkitPro/portlibs/switch/lib\libcurl.a(libcurl_la-cookie.o)
                0x0000000000016450                Curl_cookie_getlist
 *fill*         0x000000000001688c        0x4 
 .text.Curl_cookie_clearall
                0x0000000000016890       0x5c C:/devkitPro/portlibs/switch/lib\libcurl.a(libcurl_la-cookie.o)
                0x0000000000016890                Curl_cookie_clearall
 *fill*         0x00000000000168ec        0x4 
 .text.Curl_cookie_freelist
                0x00000000000168f0       0x38 C:/devkitPro/portlibs/switch/lib\libcurl.a(libcurl_la-cookie.o)
                0x00000000000168f0                Curl_cookie_freelist
 *fill*         0x0000000000016928        0x8 
 .text.Curl_cookie_clearsess
                0x0000000000016930       0xac C:/devkitPro/portlibs/switch/lib\libcurl.a(libcurl_la-cookie.o)
                0x0000000000016930                Curl_cookie_clearsess
 *fill*         0x00000000000169dc        0x4 
 .text.Curl_cookie_cleanup
                0x00000000000169e0       0x84 C:/devkitPro/portlibs/switch/lib\libcurl.a(libcurl_la-cookie.o)
                0x00000000000169e0                Curl_cookie_cleanup
 *fill*         0x0000000000016a64        0xc 
 .text.Curl_cookie_init
                0x0000000000016a70      0x278 C:/devkitPro/portlibs/switch/lib\libcurl.a(libcurl_la-cookie.o)
                0x0000000000016a70                Curl_cookie_init
 *fill*         0x0000000000016ce8        0x8 
 .text.Curl_cookie_loadfiles
                0x0000000000016cf0       0xa4 C:/devkitPro/portlibs/switch/lib\libcurl.a(libcurl_la-cookie.o)
                0x0000000000016cf0                Curl_cookie_loadfiles
 *fill*         0x0000000000016d94        0xc 
 .text.Curl_flush_cookies
                0x0000000000016da0      0x3ec C:/devkitPro/portlibs/switch/lib\libcurl.a(libcurl_la-cookie.o)
                0x0000000000016da0                Curl_flush_cookies
 *fill*         0x000000000001718c        0x4 
 .text.pickoneauth
                0x0000000000017190       0xa8 C:/devkitPro/portlibs/switch/lib\libcurl.a(libcurl_la-http.o)
 *fill*         0x0000000000017238        0x8 
 .text.http_should_fail
                0x0000000000017240       0x70 C:/devkitPro/portlibs/switch/lib\libcurl.a(libcurl_la-http.o)
 .text.http_getsock_do
                0x00000000000172b0       0x10 C:/devkitPro/portlibs/switch/lib\libcurl.a(libcurl_la-http.o)
 .text.http_setup_conn
                0x00000000000172c0       0xb8 C:/devkitPro/portlibs/switch/lib\libcurl.a(libcurl_la-http.o)
 *fill*         0x0000000000017378        0x8 
 .text.https_getsock
                0x0000000000017380       0x18 C:/devkitPro/portlibs/switch/lib\libcurl.a(libcurl_la-http.o)
 *fill*         0x0000000000017398        0x8 
 .text.https_connecting
                0x00000000000173a0       0x50 C:/devkitPro/portlibs/switch/lib\libcurl.a(libcurl_la-http.o)
 .text.readmoredata
                0x00000000000173f0       0xe8 C:/devkitPro/portlibs/switch/lib\libcurl.a(libcurl_la-http.o)
 *fill*         0x00000000000174d8        0x8 
 .text.header_append
                0x00000000000174e0      0x108 C:/devkitPro/portlibs/switch/lib\libcurl.a(libcurl_la-http.o)
 *fill*         0x00000000000175e8        0x8 
 .text.http_perhapsrewind
                0x00000000000175f0      0x104 C:/devkitPro/portlibs/switch/lib\libcurl.a(libcurl_la-http.o)
 *fill*         0x00000000000176f4        0xc 
 .text.checkhttpprefix.isra.0
                0x0000000000017700       0xbc C:/devkitPro/portlibs/switch/lib\libcurl.a(libcurl_la-http.o)
 *fill*         0x00000000000177bc        0x4 
 .text.checkprotoprefix.isra.0
                0x00000000000177c0       0x68 C:/devkitPro/portlibs/switch/lib\libcurl.a(libcurl_la-http.o)
 *fill*         0x0000000000017828        0x8 
 .text.Curl_http_done
                0x0000000000017830       0xfc C:/devkitPro/portlibs/switch/lib\libcurl.a(libcurl_la-http.o)
                0x0000000000017830                Curl_http_done
 *fill*         0x000000000001792c        0x4 
 .text.Curl_checkProxyheaders
                0x0000000000017930       0x90 C:/devkitPro/portlibs/switch/lib\libcurl.a(libcurl_la-http.o)
                0x0000000000017930                Curl_checkProxyheaders
 .text.output_auth_headers
                0x00000000000179c0      0x34c C:/devkitPro/portlibs/switch/lib\libcurl.a(libcurl_la-http.o)
 *fill*         0x0000000000017d0c        0x4 
 .text.Curl_copy_header_value
                0x0000000000017d10      0x100 C:/devkitPro/portlibs/switch/lib\libcurl.a(libcurl_la-http.o)
                0x0000000000017d10                Curl_copy_header_value
 .text.Curl_http_auth_act
                0x0000000000017e10      0x248 C:/devkitPro/portlibs/switch/lib\libcurl.a(libcurl_la-http.o)
                0x0000000000017e10                Curl_http_auth_act
 *fill*         0x0000000000018058        0x8 
 .text.Curl_http_output_auth
                0x0000000000018060      0x188 C:/devkitPro/portlibs/switch/lib\libcurl.a(libcurl_la-http.o)
                0x0000000000018060                Curl_http_output_auth
 *fill*         0x00000000000181e8        0x8 
 .text.Curl_http_input_auth
                0x00000000000181f0      0x1e4 C:/devkitPro/portlibs/switch/lib\libcurl.a(libcurl_la-http.o)
                0x00000000000181f0                Curl_http_input_auth
 *fill*         0x00000000000183d4        0xc 
 .text.Curl_add_buffer_init
                0x00000000000183e0       0x1c C:/devkitPro/portlibs/switch/lib\libcurl.a(libcurl_la-http.o)
                0x00000000000183e0                Curl_add_buffer_init
 *fill*         0x00000000000183fc        0x4 
 .text.Curl_add_buffer_free
                0x0000000000018400       0x58 C:/devkitPro/portlibs/switch/lib\libcurl.a(libcurl_la-http.o)
                0x0000000000018400                Curl_add_buffer_free
 *fill*         0x0000000000018458        0x8 
 .text.Curl_add_buffer_send
                0x0000000000018460      0x238 C:/devkitPro/portlibs/switch/lib\libcurl.a(libcurl_la-http.o)
                0x0000000000018460                Curl_add_buffer_send
 *fill*         0x0000000000018698        0x8 
 .text.Curl_add_buffer
                0x00000000000186a0      0x154 C:/devkitPro/portlibs/switch/lib\libcurl.a(libcurl_la-http.o)
                0x00000000000186a0                Curl_add_buffer
 *fill*         0x00000000000187f4        0xc 
 .text.Curl_add_bufferf
                0x0000000000018800      0x110 C:/devkitPro/portlibs/switch/lib\libcurl.a(libcurl_la-http.o)
                0x0000000000018800                Curl_add_bufferf
 .text.Curl_http_connect
                0x0000000000018910      0x18c C:/devkitPro/portlibs/switch/lib\libcurl.a(libcurl_la-http.o)
                0x0000000000018910                Curl_http_connect
 *fill*         0x0000000000018a9c        0x4 
 .text.Curl_compareheader
                0x0000000000018aa0      0x100 C:/devkitPro/portlibs/switch/lib\libcurl.a(libcurl_la-http.o)
                0x0000000000018aa0                Curl_compareheader
 .text.expect100
                0x0000000000018ba0       0xd0 C:/devkitPro/portlibs/switch/lib\libcurl.a(libcurl_la-http.o)
 .text.Curl_http_compile_trailers
                0x0000000000018c70       0xec C:/devkitPro/portlibs/switch/lib\libcurl.a(libcurl_la-http.o)
                0x0000000000018c70                Curl_http_compile_trailers
 *fill*         0x0000000000018d5c        0x4 
 .text.Curl_add_custom_headers
                0x0000000000018d60      0x3fc C:/devkitPro/portlibs/switch/lib\libcurl.a(libcurl_la-http.o)
                0x0000000000018d60                Curl_add_custom_headers
 *fill*         0x000000000001915c        0x4 
 .text.Curl_add_timecondition
                0x0000000000019160      0x15c C:/devkitPro/portlibs/switch/lib\libcurl.a(libcurl_la-http.o)
                0x0000000000019160                Curl_add_timecondition
 *fill*         0x00000000000192bc        0x4 
 .text.Curl_http
                0x00000000000192c0     0x17f8 C:/devkitPro/portlibs/switch/lib\libcurl.a(libcurl_la-http.o)
                0x00000000000192c0                Curl_http
 *fill*         0x000000000001aab8        0x8 
 .text.Curl_http_readwrite_headers
                0x000000000001aac0     0x1110 C:/devkitPro/portlibs/switch/lib\libcurl.a(libcurl_la-http.o)
                0x000000000001aac0                Curl_http_readwrite_headers
 .text.pausewrite
                0x000000000001bbd0      0x11c C:/devkitPro/portlibs/switch/lib\libcurl.a(libcurl_la-sendf.o)
 *fill*         0x000000000001bcec        0x4 
 .text.Curl_recv_has_postponed_data
                0x000000000001bcf0        0x8 C:/devkitPro/portlibs/switch/lib\libcurl.a(libcurl_la-sendf.o)
                0x000000000001bcf0                Curl_recv_has_postponed_data
 *fill*         0x000000000001bcf8        0x8 
 .text.Curl_sendf
                0x000000000001bd00      0x1c8 C:/devkitPro/portlibs/switch/lib\libcurl.a(libcurl_la-sendf.o)
                0x000000000001bd00                Curl_sendf
 *fill*         0x000000000001bec8        0x8 
 .text.Curl_write
                0x000000000001bed0       0x8c C:/devkitPro/portlibs/switch/lib\libcurl.a(libcurl_la-sendf.o)
                0x000000000001bed0                Curl_write
 *fill*         0x000000000001bf5c        0x4 
 .text.Curl_read_plain
                0x000000000001bf60       0x64 C:/devkitPro/portlibs/switch/lib\libcurl.a(libcurl_la-sendf.o)
                0x000000000001bf60                Curl_read_plain
 *fill*         0x000000000001bfc4        0xc 
 .text.Curl_read
                0x000000000001bfd0       0x7c C:/devkitPro/portlibs/switch/lib\libcurl.a(libcurl_la-sendf.o)
                0x000000000001bfd0                Curl_read
 *fill*         0x000000000001c04c        0x4 
 .text.Curl_debug
                0x000000000001c050       0xd4 C:/devkitPro/portlibs/switch/lib\libcurl.a(libcurl_la-sendf.o)
                0x000000000001c050                Curl_debug
 *fill*         0x000000000001c124        0xc 
 .text.Curl_infof
                0x000000000001c130      0x13c C:/devkitPro/portlibs/switch/lib\libcurl.a(libcurl_la-sendf.o)
                0x000000000001c130                Curl_infof
 *fill*         0x000000000001c26c        0x4 
 .text.Curl_failf
                0x000000000001c270      0x12c C:/devkitPro/portlibs/switch/lib\libcurl.a(libcurl_la-sendf.o)
                0x000000000001c270                Curl_failf
 *fill*         0x000000000001c39c        0x4 
 .text.Curl_send_plain
                0x000000000001c3a0       0xd8 C:/devkitPro/portlibs/switch/lib\libcurl.a(libcurl_la-sendf.o)
                0x000000000001c3a0                Curl_send_plain
 *fill*         0x000000000001c478        0x8 
 .text.Curl_write_plain
                0x000000000001c480       0x3c C:/devkitPro/portlibs/switch/lib\libcurl.a(libcurl_la-sendf.o)
                0x000000000001c480                Curl_write_plain
 *fill*         0x000000000001c4bc        0x4 
 .text.Curl_recv_plain
                0x000000000001c4c0       0xcc C:/devkitPro/portlibs/switch/lib\libcurl.a(libcurl_la-sendf.o)
                0x000000000001c4c0                Curl_recv_plain
 *fill*         0x000000000001c58c        0x4 
 .text.Curl_client_write
                0x000000000001c590      0x430 C:/devkitPro/portlibs/switch/lib\libcurl.a(libcurl_la-sendf.o)
                0x000000000001c590                Curl_client_write
 .text.get_protocol_family
                0x000000000001c9c0      0x164 C:/devkitPro/portlibs/switch/lib\libcurl.a(libcurl_la-url.o)
 *fill*         0x000000000001cb24        0xc 
 .text.up_free  0x000000000001cb30       0xc0 C:/devkitPro/portlibs/switch/lib\libcurl.a(libcurl_la-url.o)
 .text.conn_free
                0x000000000001cbf0      0x214 C:/devkitPro/portlibs/switch/lib\libcurl.a(libcurl_la-url.o)
 *fill*         0x000000000001ce04        0xc 
 .text.setup_range
                0x000000000001ce10       0xec C:/devkitPro/portlibs/switch/lib\libcurl.a(libcurl_la-url.o)
 *fill*         0x000000000001cefc        0x4 
 .text.zonefrom_url
                0x000000000001cf00       0x78 C:/devkitPro/portlibs/switch/lib\libcurl.a(libcurl_la-url.o)
 *fill*         0x000000000001cf78        0x8 
 .text.strip_trailing_dot
                0x000000000001cf80       0x4c C:/devkitPro/portlibs/switch/lib\libcurl.a(libcurl_la-url.o)
 *fill*         0x000000000001cfcc        0x4 
 .text.parse_proxy_auth
                0x000000000001cfd0       0xd4 C:/devkitPro/portlibs/switch/lib\libcurl.a(libcurl_la-url.o)
 *fill*         0x000000000001d0a4        0xc 
 .text.parse_proxy
                0x000000000001d0b0      0x3b8 C:/devkitPro/portlibs/switch/lib\libcurl.a(libcurl_la-url.o)
 *fill*         0x000000000001d468        0x8 
 .text.call_extract_if_dead
                0x000000000001d470      0x124 C:/devkitPro/portlibs/switch/lib\libcurl.a(libcurl_la-url.o)
 *fill*         0x000000000001d594        0xc 
 .text.Curl_freeset
                0x000000000001d5a0       0xa4 C:/devkitPro/portlibs/switch/lib\libcurl.a(libcurl_la-url.o)
                0x000000000001d5a0                Curl_freeset
 *fill*         0x000000000001d644        0xc 
 .text.Curl_close
                0x000000000001d650      0x218 C:/devkitPro/portlibs/switch/lib\libcurl.a(libcurl_la-url.o)
                0x000000000001d650                Curl_close
 *fill*         0x000000000001d868        0x8 
 .text.Curl_init_userdefined
                0x000000000001d870      0x19c C:/devkitPro/portlibs/switch/lib\libcurl.a(libcurl_la-url.o)
                0x000000000001d870                Curl_init_userdefined
 *fill*         0x000000000001da0c        0x4 
 .text.Curl_open
                0x000000000001da10      0x130 C:/devkitPro/portlibs/switch/lib\libcurl.a(libcurl_la-url.o)
                0x000000000001da10                Curl_open
 .text.Curl_disconnect
                0x000000000001db40      0x178 C:/devkitPro/portlibs/switch/lib\libcurl.a(libcurl_la-url.o)
                0x000000000001db40                Curl_disconnect
 *fill*         0x000000000001dcb8        0x8 
 .text.Curl_verboseconnect
                0x000000000001dcc0       0x6c C:/devkitPro/portlibs/switch/lib\libcurl.a(libcurl_la-url.o)
                0x000000000001dcc0                Curl_verboseconnect
 *fill*         0x000000000001dd2c        0x4 
 .text.Curl_is_ASCII_name
                0x000000000001dd30       0x28 C:/devkitPro/portlibs/switch/lib\libcurl.a(libcurl_la-url.o)
                0x000000000001dd30                Curl_is_ASCII_name
 *fill*         0x000000000001dd58        0x8 
 .text.Curl_idnconvert_hostname
                0x000000000001dd60       0x4c C:/devkitPro/portlibs/switch/lib\libcurl.a(libcurl_la-url.o)
                0x000000000001dd60                Curl_idnconvert_hostname
 *fill*         0x000000000001ddac        0x4 
 .text.Curl_free_idnconverted_hostname
                0x000000000001ddb0        0x4 C:/devkitPro/portlibs/switch/lib\libcurl.a(libcurl_la-url.o)
                0x000000000001ddb0                Curl_free_idnconverted_hostname
 *fill*         0x000000000001ddb4        0xc 
 .text.Curl_builtin_scheme
                0x000000000001ddc0       0x54 C:/devkitPro/portlibs/switch/lib\libcurl.a(libcurl_la-url.o)
                0x000000000001ddc0                Curl_builtin_scheme
 *fill*         0x000000000001de14        0xc 
 .text.Curl_uc_to_curlcode
                0x000000000001de20       0x24 C:/devkitPro/portlibs/switch/lib\libcurl.a(libcurl_la-url.o)
                0x000000000001de20                Curl_uc_to_curlcode
 *fill*         0x000000000001de44        0xc 
 .text.Curl_free_request_state
                0x000000000001de50       0x50 C:/devkitPro/portlibs/switch/lib\libcurl.a(libcurl_la-url.o)
                0x000000000001de50                Curl_free_request_state
 .text.Curl_parse_login_details
                0x000000000001dea0      0x3b4 C:/devkitPro/portlibs/switch/lib\libcurl.a(libcurl_la-url.o)
                0x000000000001dea0                Curl_parse_login_details
 *fill*         0x000000000001e254        0xc 
 .text.Curl_setup_conn
                0x000000000001e260      0x15c C:/devkitPro/portlibs/switch/lib\libcurl.a(libcurl_la-url.o)
                0x000000000001e260                Curl_setup_conn
 *fill*         0x000000000001e3bc        0x4 
 .text.Curl_init_do
                0x000000000001e3c0       0xec C:/devkitPro/portlibs/switch/lib\libcurl.a(libcurl_la-url.o)
                0x000000000001e3c0                Curl_init_do
 *fill*         0x000000000001e4ac        0x4 
 .text.Curl_connect
                0x000000000001e4b0     0x2610 C:/devkitPro/portlibs/switch/lib\libcurl.a(libcurl_la-url.o)
                0x000000000001e4b0                Curl_connect
 .text.unescape_word
                0x0000000000020ac0       0xf8 C:/devkitPro/portlibs/switch/lib\libcurl.a(libcurl_la-dict.o)
 *fill*         0x0000000000020bb8        0x8 
 .text.dict_do  0x0000000000020bc0      0x498 C:/devkitPro/portlibs/switch/lib\libcurl.a(libcurl_la-dict.o)
 *fill*         0x0000000000021058        0x8 
 .text.Curl_ipv6_scope
                0x0000000000021060        0x8 C:/devkitPro/portlibs/switch/lib\libcurl.a(libcurl_la-if2ip.o)
                0x0000000000021060                Curl_ipv6_scope
 *fill*         0x0000000000021068        0x8 
 .text.Curl_if2ip
                0x0000000000021070      0x10c C:/devkitPro/portlibs/switch/lib\libcurl.a(libcurl_la-if2ip.o)
                0x0000000000021070                Curl_if2ip
 *fill*         0x000000000002117c        0x4 
 .text.Curl_speedinit
                0x0000000000021180       0x10 C:/devkitPro/portlibs/switch/lib\libcurl.a(libcurl_la-speedcheck.o)
                0x0000000000021180                Curl_speedinit
 .text.Curl_speedcheck
                0x0000000000021190       0xcc C:/devkitPro/portlibs/switch/lib\libcurl.a(libcurl_la-speedcheck.o)
                0x0000000000021190                Curl_speedcheck
 *fill*         0x000000000002125c        0x4 
 .text.curl_getenv
                0x0000000000021260       0x3c C:/devkitPro/portlibs/switch/lib\libcurl.a(libcurl_la-getenv.o)
                0x0000000000021260                curl_getenv
 *fill*         0x000000000002129c        0x4 
 .text.Curl_isunreserved
                0x00000000000212a0       0x64 C:/devkitPro/portlibs/switch/lib\libcurl.a(libcurl_la-escape.o)
                0x00000000000212a0                Curl_isunreserved
 *fill*         0x0000000000021304        0xc 
 .text.Curl_urldecode
                0x0000000000021310      0x1c4 C:/devkitPro/portlibs/switch/lib\libcurl.a(libcurl_la-escape.o)
                0x0000000000021310                Curl_urldecode
 *fill*         0x00000000000214d4        0xc 
 .text.curl_free
                0x00000000000214e0       0x14 C:/devkitPro/portlibs/switch/lib\libcurl.a(libcurl_la-escape.o)
                0x00000000000214e0                curl_free
 *fill*         0x00000000000214f4        0xc 
 .text.addbyter
                0x0000000000021500       0x38 C:/devkitPro/portlibs/switch/lib\libcurl.a(libcurl_la-mprintf.o)
 *fill*         0x0000000000021538        0x8 
 .text.alloc_addbyter
                0x0000000000021540       0xd0 C:/devkitPro/portlibs/switch/lib\libcurl.a(libcurl_la-mprintf.o)
 .text.curl_msnprintf
                0x0000000000021610       0xc4 C:/devkitPro/portlibs/switch/lib\libcurl.a(libcurl_la-mprintf.o)
                0x0000000000021610                curl_msnprintf
 *fill*         0x00000000000216d4        0xc 
 .text.dprintf_formatf
                0x00000000000216e0     0x1418 C:/devkitPro/portlibs/switch/lib\libcurl.a(libcurl_la-mprintf.o)
 *fill*         0x0000000000022af8        0x8 
 .text.curl_mvsnprintf
                0x0000000000022b00       0x74 C:/devkitPro/portlibs/switch/lib\libcurl.a(libcurl_la-mprintf.o)
                0x0000000000022b00                curl_mvsnprintf
 *fill*         0x0000000000022b74        0xc 
 .text.curl_maprintf
                0x0000000000022b80      0x124 C:/devkitPro/portlibs/switch/lib\libcurl.a(libcurl_la-mprintf.o)
                0x0000000000022b80                curl_maprintf
 *fill*         0x0000000000022ca4        0xc 
 .text.curl_mvaprintf
                0x0000000000022cb0       0xd4 C:/devkitPro/portlibs/switch/lib\libcurl.a(libcurl_la-mprintf.o)
                0x0000000000022cb0                curl_mvaprintf
 *fill*         0x0000000000022d84        0xc 
 .text.curl_mfprintf
                0x0000000000022d90       0x80 C:/devkitPro/portlibs/switch/lib\libcurl.a(libcurl_la-mprintf.o)
                0x0000000000022d90                curl_mfprintf
 .text.telnet_done
                0x0000000000022e10       0x58 C:/devkitPro/portlibs/switch/lib\libcurl.a(libcurl_la-telnet.o)
 *fill*         0x0000000000022e68        0x8 
 .text.check_telnet_options
                0x0000000000022e70      0x288 C:/devkitPro/portlibs/switch/lib\libcurl.a(libcurl_la-telnet.o)
 *fill*         0x00000000000230f8        0x8 
 .text.send_telnet_data
                0x0000000000023100      0x1d0 C:/devkitPro/portlibs/switch/lib\libcurl.a(libcurl_la-telnet.o)
 .text.printsub.part.0
                0x00000000000232d0      0x414 C:/devkitPro/portlibs/switch/lib\libcurl.a(libcurl_la-telnet.o)
 *fill*         0x00000000000236e4        0xc 
 .text.printoption.part.0
                0x00000000000236f0       0xd8 C:/devkitPro/portlibs/switch/lib\libcurl.a(libcurl_la-telnet.o)
 *fill*         0x00000000000237c8        0x8 
 .text.send_negotiation
                0x00000000000237d0       0x98 C:/devkitPro/portlibs/switch/lib\libcurl.a(libcurl_la-telnet.o)
 *fill*         0x0000000000023868        0x8 
 .text.sendsuboption
                0x0000000000023870      0x140 C:/devkitPro/portlibs/switch/lib\libcurl.a(libcurl_la-telnet.o)
 .text.suboption
                0x00000000000239b0      0x344 C:/devkitPro/portlibs/switch/lib\libcurl.a(libcurl_la-telnet.o)
 *fill*         0x0000000000023cf4        0xc 
 .text.telnet_do
                0x0000000000023d00      0xbc4 C:/devkitPro/portlibs/switch/lib\libcurl.a(libcurl_la-telnet.o)
 *fill*         0x00000000000248c4        0xc 
 .text.parsenetrc
                0x00000000000248d0      0x458 C:/devkitPro/portlibs/switch/lib\libcurl.a(libcurl_la-netrc.o)
 *fill*         0x0000000000024d28        0x8 
 .text.Curl_parsenetrc
                0x0000000000024d30       0xe8 C:/devkitPro/portlibs/switch/lib\libcurl.a(libcurl_la-netrc.o)
                0x0000000000024d30                Curl_parsenetrc
 *fill*         0x0000000000024e18        0x8 
 .text.Curl_initinfo
                0x0000000000024e20       0xc0 C:/devkitPro/portlibs/switch/lib\libcurl.a(libcurl_la-getinfo.o)
                0x0000000000024e20                Curl_initinfo
 .text.Curl_trailers_read
                0x0000000000024ee0       0x6c C:/devkitPro/portlibs/switch/lib\libcurl.a(libcurl_la-transfer.o)
 *fill*         0x0000000000024f4c        0x4 
 .text.Curl_checkheaders
                0x0000000000024f50       0x78 C:/devkitPro/portlibs/switch/lib\libcurl.a(libcurl_la-transfer.o)
                0x0000000000024f50                Curl_checkheaders
 *fill*         0x0000000000024fc8        0x8 
 .text.Curl_get_upload_buffer
                0x0000000000024fd0       0x4c C:/devkitPro/portlibs/switch/lib\libcurl.a(libcurl_la-transfer.o)
                0x0000000000024fd0                Curl_get_upload_buffer
 *fill*         0x000000000002501c        0x4 
 .text.Curl_fillreadbuffer
                0x0000000000025020      0x420 C:/devkitPro/portlibs/switch/lib\libcurl.a(libcurl_la-transfer.o)
                0x0000000000025020                Curl_fillreadbuffer
 .text.Curl_readrewind
                0x0000000000025440      0x19c C:/devkitPro/portlibs/switch/lib\libcurl.a(libcurl_la-transfer.o)
                0x0000000000025440                Curl_readrewind
 *fill*         0x00000000000255dc        0x4 
 .text.Curl_meets_timecondition
                0x00000000000255e0       0x88 C:/devkitPro/portlibs/switch/lib\libcurl.a(libcurl_la-transfer.o)
                0x00000000000255e0                Curl_meets_timecondition
 *fill*         0x0000000000025668        0x8 
 .text.Curl_done_sending
                0x0000000000025670       0x20 C:/devkitPro/portlibs/switch/lib\libcurl.a(libcurl_la-transfer.o)
                0x0000000000025670                Curl_done_sending
 .text.Curl_readwrite
                0x0000000000025690      0xe0c C:/devkitPro/portlibs/switch/lib\libcurl.a(libcurl_la-transfer.o)
                0x0000000000025690                Curl_readwrite
 *fill*         0x000000000002649c        0x4 
 .text.Curl_single_getsock
                0x00000000000264a0       0x98 C:/devkitPro/portlibs/switch/lib\libcurl.a(libcurl_la-transfer.o)
                0x00000000000264a0                Curl_single_getsock
 *fill*         0x0000000000026538        0x8 
 .text.Curl_init_CONNECT
                0x0000000000026540       0x14 C:/devkitPro/portlibs/switch/lib\libcurl.a(libcurl_la-transfer.o)
                0x0000000000026540                Curl_init_CONNECT
 *fill*         0x0000000000026554        0xc 
 .text.Curl_pretransfer
                0x0000000000026560      0x1f0 C:/devkitPro/portlibs/switch/lib\libcurl.a(libcurl_la-transfer.o)
                0x0000000000026560                Curl_pretransfer
 .text.Curl_posttransfer
                0x0000000000026750        0x8 C:/devkitPro/portlibs/switch/lib\libcurl.a(libcurl_la-transfer.o)
                0x0000000000026750                Curl_posttransfer
 *fill*         0x0000000000026758        0x8 
 .text.Curl_follow
                0x0000000000026760      0x314 C:/devkitPro/portlibs/switch/lib\libcurl.a(libcurl_la-transfer.o)
                0x0000000000026760                Curl_follow
 *fill*         0x0000000000026a74        0xc 
 .text.Curl_retry_request
                0x0000000000026a80      0x14c C:/devkitPro/portlibs/switch/lib\libcurl.a(libcurl_la-transfer.o)
                0x0000000000026a80                Curl_retry_request
 *fill*         0x0000000000026bcc        0x4 
 .text.Curl_setup_transfer
                0x0000000000026bd0      0x180 C:/devkitPro/portlibs/switch/lib\libcurl.a(libcurl_la-transfer.o)
                0x0000000000026bd0                Curl_setup_transfer
 .text.Curl_raw_toupper
                0x0000000000026d50       0x20 C:/devkitPro/portlibs/switch/lib\libcurl.a(libcurl_la-strcase.o)
                0x0000000000026d50                Curl_raw_toupper
 .text.Curl_strcasecompare
                0x0000000000026d70       0xb0 C:/devkitPro/portlibs/switch/lib\libcurl.a(libcurl_la-strcase.o)
                0x0000000000026d70                Curl_strcasecompare
 .text.Curl_safe_strcasecompare
                0x0000000000026e20       0x20 C:/devkitPro/portlibs/switch/lib\libcurl.a(libcurl_la-strcase.o)
                0x0000000000026e20                Curl_safe_strcasecompare
 .text.Curl_strncasecompare
                0x0000000000026e40       0xc4 C:/devkitPro/portlibs/switch/lib\libcurl.a(libcurl_la-strcase.o)
                0x0000000000026e40                Curl_strncasecompare
 *fill*         0x0000000000026f04        0xc 
 .text.Curl_strntoupper
                0x0000000000026f10       0x44 C:/devkitPro/portlibs/switch/lib\libcurl.a(libcurl_la-strcase.o)
                0x0000000000026f10                Curl_strntoupper
 *fill*         0x0000000000026f54        0xc 
 .text.curl_strequal
                0x0000000000026f60        0x4 C:/devkitPro/portlibs/switch/lib\libcurl.a(libcurl_la-strcase.o)
                0x0000000000026f60                curl_strequal
 *fill*         0x0000000000026f64        0xc 
 .text.curl_strnequal
                0x0000000000026f70        0x4 C:/devkitPro/portlibs/switch/lib\libcurl.a(libcurl_la-strcase.o)
                0x0000000000026f70                curl_strnequal
 *fill*         0x0000000000026f74        0xc 
 .text.fileinfo_dtor
                0x0000000000026f80        0x8 C:/devkitPro/portlibs/switch/lib\libcurl.a(libcurl_la-wildcard.o)
 *fill*         0x0000000000026f88        0x8 
 .text.Curl_wildcard_init
                0x0000000000026f90       0x38 C:/devkitPro/portlibs/switch/lib\libcurl.a(libcurl_la-wildcard.o)
                0x0000000000026f90                Curl_wildcard_init
 *fill*         0x0000000000026fc8        0x8 
 .text.Curl_wildcard_dtor
                0x0000000000026fd0       0x78 C:/devkitPro/portlibs/switch/lib\libcurl.a(libcurl_la-wildcard.o)
                0x0000000000026fd0                Curl_wildcard_dtor
 *fill*         0x0000000000027048        0x8 
 .text.Curl_httpchunk_init
                0x0000000000027050       0x10 C:/devkitPro/portlibs/switch/lib\libcurl.a(libcurl_la-http_chunks.o)
                0x0000000000027050                Curl_httpchunk_init
 .text.Curl_httpchunk_read
                0x0000000000027060      0x450 C:/devkitPro/portlibs/switch/lib\libcurl.a(libcurl_la-http_chunks.o)
                0x0000000000027060                Curl_httpchunk_read
 .text.Curl_chunked_strerror
                0x00000000000274b0       0x94 C:/devkitPro/portlibs/switch/lib\libcurl.a(libcurl_la-http_chunks.o)
                0x00000000000274b0                Curl_chunked_strerror
 *fill*         0x0000000000027544        0xc 
 .text.Curl_llist_init